10.240.1.191 - - [26/Feb/2018:07:03:43 +0000] "GET /phpmyadmin/index.php?ajax_request=1&recent_table=1&token=9e49c60cae0582cd16e74e4ad596152f HTTP/1.1" 200 782 "https://stonehill-hackaton.cryogenicplanet.c9users.io:8081/phpmyadmin/index.php?token=9e49c60cae0582cd16e74e4ad596152f" "Mozilla/5.0 (Windows NT 10.0; Win64; x64) AppleWebKit/537.36 (KHTML, like Gecko) Chrome/64.0.3282.186 Safari/537.36"
10.240.1.50 - - [26/Feb/2018:07:03:55 +0000] "POST /phpmyadmin/tbl_replace.php HTTP/1.1" 200 10590 "https://stonehill-hackaton.cryogenicplanet.c9users.io:8081/phpmyadmin/index.php?token=9e49c60cae0582cd16e74e4ad596152f" "Mozilla/5.0 (Windows NT 10.0; Win64; x64) AppleWebKit/537.36 (KHTML, like Gecko) Chrome/64.0.3282.186 Safari/537.36"
10.240.1.191 - - [26/Feb/2018:07:03:56 +0000] "GET /phpmyadmin/index.php?ajax_request=1&recent_table=1&token=9e49c60cae0582cd16e74e4ad596152f HTTP/1.1" 200 782 "https://stonehill-hackaton.cryogenicplanet.c9users.io:8081/phpmyadmin/index.php?token=9e49c60cae0582cd16e74e4ad596152f" "Mozilla/5.0 (Windows NT 10.0; Win64; x64) AppleWebKit/537.36 (KHTML, like Gecko) Chrome/64.0.3282.186 Safari/537.36"
10.240.1.191 - - [26/Feb/2018:07:03:58 +0000] "GET /phpmyadmin/sql.php?db=c9&table=Switchs&token=9e49c60cae0582cd16e74e4ad596152f&pos=0&ajax_request=true&ajax_page_request=true&menuHashes=0ce813f1-2d70607b-50f2cb7a-57fba89f-588a8b4c-cec110dd-c4eb9176&_nocache=1519628638121859280 HTTP/1.1" 200 30600 "https://stonehill-hackaton.cryogenicplanet.c9users.io:8081/phpmyadmin/index.php?token=9e49c60cae0582cd16e74e4ad596152f" "Mozilla/5.0 (Windows NT 10.0; Win64; x64) AppleWebKit/537.36 (KHTML, like Gecko) Chrome/64.0.3282.186 Safari/537.36"
10.240.1.191 - - [26/Feb/2018:07:03:58 +0000] "GET /phpmyadmin/index.php?ajax_request=1&recent_table=1&token=9e49c60cae0582cd16e74e4ad596152f HTTP/1.1" 200 782 "https://stonehill-hackaton.cryogenicplanet.c9users.io:8081/phpmyadmin/index.php?token=9e49c60cae0582cd16e74e4ad596152f" "Mozilla/5.0 (Windows NT 10.0; Win64; x64) AppleWebKit/537.36 (KHTML, like Gecko) Chrome/64.0.3282.186 Safari/537.36"
10.240.0.64 - - [26/Feb/2018:07:04:11 +0000] "GET /phpmyadmin/tbl_change.php?db=c9&table=Switchs&where_clause=%60Switchs%60.%60SUID%60+%3D+5&clause_is_unique=1&sql_query=SELECT+%2A+FROM+%60Switchs%60&goto=sql.php&default_action=update&token=9e49c60cae0582cd16e74e4ad596152f&ajax_request=true&ajax_page_request=true&menuHashes=0ce813f1-2d70607b-50f2cb7a-57fba89f-588a8b4c-cec110dd-c4eb9176&_nocache=1519628649870332419 HTTP/1.1" 200 25629 "https://stonehill-hackaton.cryogenicplanet.c9users.io:8081/phpmyadmin/index.php?token=9e49c60cae0582cd16e74e4ad596152f" "Mozilla/5.0 (Windows NT 10.0; Win64; x64) AppleWebKit/537.36 (KHTML, like Gecko) Chrome/64.0.3282.186 Safari/537.36"
10.240.0.64 - - [26/Feb/2018:07:04:12 +0000] "GET /phpmyadmin/index.php?ajax_request=1&recent_table=1&token=9e49c60cae0582cd16e74e4ad596152f HTTP/1.1" 200 782 "https://stonehill-hackaton.cryogenicplanet.c9users.io:8081/phpmyadmin/index.php?token=9e49c60cae0582cd16e74e4ad596152f" "Mozilla/5.0 (Windows NT 10.0; Win64; x64) AppleWebKit/537.36 (KHTML, like Gecko) Chrome/64.0.3282.186 Safari/537.36"
10.240.0.64 - - [26/Feb/2018:07:04:17 +0000] "POST /phpmyadmin/tbl_replace.php HTTP/1.1" 200 34083 "https://stonehill-hackaton.cryogenicplanet.c9users.io:8081/phpmyadmin/index.php?token=9e49c60cae0582cd16e74e4ad596152f" "Mozilla/5.0 (Windows NT 10.0; Win64; x64) AppleWebKit/537.36 (KHTML, like Gecko) Chrome/64.0.3282.186 Safari/537.36"
10.240.1.50 - - [26/Feb/2018:07:04:18 +0000] "GET /phpmyadmin/index.php?ajax_request=1&recent_table=1&token=9e49c60cae0582cd16e74e4ad596152f HTTP/1.1" 200 782 "https://stonehill-hackaton.cryogenicplanet.c9users.io:8081/phpmyadmin/index.php?token=9e49c60cae0582cd16e74e4ad596152f" "Mozilla/5.0 (Windows NT 10.0; Win64; x64) AppleWebKit/537.36 (KHTML, like Gecko) Chrome/64.0.3282.186 Safari/537.36"
10.240.1.65 - - [26/Feb/2018:07:04:30 +0000] "GET /phpmyadmin/tbl_change.php?db=c9&table=Switchs&token=9e49c60cae0582cd16e74e4ad596152f&ajax_request=true&ajax_page_request=true&menuHashes=0ce813f1-2d70607b-50f2cb7a-57fba89f-588a8b4c-cec110dd-c4eb9176&_nocache=1519628668866341135 HTTP/1.1" 200 46269 "https://stonehill-hackaton.cryogenicplanet.c9users.io:8081/phpmyadmin/index.php?token=9e49c60cae0582cd16e74e4ad596152f" "Mozilla/5.0 (Windows NT 10.0; Win64; x64) AppleWebKit/537.36 (KHTML, like Gecko) Chrome/64.0.3282.186 Safari/537.36"
10.240.1.50 - - [26/Feb/2018:07:04:31 +0000] "GET /phpmyadmin/index.php?ajax_request=1&recent_table=1&token=9e49c60cae0582cd16e74e4ad596152f HTTP/1.1" 200 782 "https://stonehill-hackaton.cryogenicplanet.c9users.io:8081/phpmyadmin/index.php?token=9e49c60cae0582cd16e74e4ad596152f" "Mozilla/5.0 (Windows NT 10.0; Win64; x64) AppleWebKit/537.36 (KHTML, like Gecko) Chrome/64.0.3282.186 Safari/537.36"
10.240.1.50 - - [26/Feb/2018:07:04:42 +0000] "POST /phpmyadmin/tbl_replace.php HTTP/1.1" 200 10590 "https://stonehill-hackaton.cryogenicplanet.c9users.io:8081/phpmyadmin/index.php?token=9e49c60cae0582cd16e74e4ad596152f" "Mozilla/5.0 (Windows NT 10.0; Win64; x64) AppleWebKit/537.36 (KHTML, like Gecko) Chrome/64.0.3282.186 Safari/537.36"
10.240.1.50 - - [26/Feb/2018:07:04:43 +0000] "GET /phpmyadmin/index.php?ajax_request=1&recent_table=1&token=9e49c60cae0582cd16e74e4ad596152f HTTP/1.1" 200 782 "https://stonehill-hackaton.cryogenicplanet.c9users.io:8081/phpmyadmin/index.php?token=9e49c60cae0582cd16e74e4ad596152f" "Mozilla/5.0 (Windows NT 10.0; Win64; x64) AppleWebKit/537.36 (KHTML, like Gecko) Chrome/64.0.3282.186 Safari/537.36"
10.240.1.191 - - [26/Feb/2018:07:04:46 +0000] "GET /phpmyadmin/sql.php?db=c9&table=Switchs&token=9e49c60cae0582cd16e74e4ad596152f&pos=0&ajax_request=true&ajax_page_request=true&menuHashes=0ce813f1-2d70607b-50f2cb7a-57fba89f-588a8b4c-cec110dd-c4eb9176&_nocache=1519628685097483392 HTTP/1.1" 200 33055 "https://stonehill-hackaton.cryogenicplanet.c9users.io:8081/phpmyadmin/index.php?token=9e49c60cae0582cd16e74e4ad596152f" "Mozilla/5.0 (Windows NT 10.0; Win64; x64) AppleWebKit/537.36 (KHTML, like Gecko) Chrome/64.0.3282.186 Safari/537.36"
10.240.1.50 - - [26/Feb/2018:07:04:46 +0000] "GET /phpmyadmin/index.php?ajax_request=1&recent_table=1&token=9e49c60cae0582cd16e74e4ad596152f HTTP/1.1" 200 782 "https://stonehill-hackaton.cryogenicplanet.c9users.io:8081/phpmyadmin/index.php?token=9e49c60cae0582cd16e74e4ad596152f" "Mozilla/5.0 (Windows NT 10.0; Win64; x64) AppleWebKit/537.36 (KHTML, like Gecko) Chrome/64.0.3282.186 Safari/537.36"
10.240.1.30 - - [26/Feb/2018:07:17:13 +0000] "GET /phpmyadmin/index.php?token=4b745458c5dbcf7ec5baf31d41e17ead HTTP/1.1" 200 3549 "https://stonehill-hackaton-cryogenicplanet.c9users.io:8081/phpmyadmin/index.php?token=4b745458c5dbcf7ec5baf31d41e17ead" "Mozilla/5.0 (Windows NT 10.0; Win64; x64) AppleWebKit/537.36 (KHTML, like Gecko) Chrome/63.0.3239.132 Safari/537.36"
10.240.1.30 - - [26/Feb/2018:07:17:14 +0000] "GET /phpmyadmin/index.php?db=&table=&server=1&target=&token=4b745458c5dbcf7ec5baf31d41e17ead HTTP/1.1" 200 3549 "https://stonehill-hackaton-cryogenicplanet.c9users.io:8081/phpmyadmin/index.php?token=4b745458c5dbcf7ec5baf31d41e17ead" "Mozilla/5.0 (Windows NT 10.0; Win64; x64) AppleWebKit/537.36 (KHTML, like Gecko) Chrome/63.0.3239.132 Safari/537.36"
10.240.1.20 - - [26/Feb/2018:07:17:20 +0000] "POST /phpmyadmin/index.php HTTP/1.1" 302 588 "https://stonehill-hackaton-cryogenicplanet.c9users.io:8081/phpmyadmin/index.php?db=&table=&server=1&target=&token=4b745458c5dbcf7ec5baf31d41e17ead" "Mozilla/5.0 (Windows NT 10.0; Win64; x64) AppleWebKit/537.36 (KHTML, like Gecko) Chrome/63.0.3239.132 Safari/537.36"
10.240.0.25 - - [26/Feb/2018:07:17:21 +0000] "GET /phpmyadmin/index.php?token=4b745458c5dbcf7ec5baf31d41e17ead HTTP/1.1" 200 8466 "https://stonehill-hackaton-cryogenicplanet.c9users.io:8081/phpmyadmin/index.php?db=&table=&server=1&target=&token=4b745458c5dbcf7ec5baf31d41e17ead" "Mozilla/5.0 (Windows NT 10.0; Win64; x64) AppleWebKit/537.36 (KHTML, like Gecko) Chrome/63.0.3239.132 Safari/537.36"
10.240.0.25 - - [26/Feb/2018:07:17:24 +0000] "GET /phpmyadmin/db_structure.php?server=1&db=c9&token=4b745458c5dbcf7ec5baf31d41e17ead&ajax_request=true&ajax_page_request=true&menuHashes=d66ad69c&_nocache=1519629445699681582 HTTP/1.1" 200 18568 "https://stonehill-hackaton-cryogenicplanet.c9users.io:8081/phpmyadmin/index.php?token=4b745458c5dbcf7ec5baf31d41e17ead" "Mozilla/5.0 (Windows NT 10.0; Win64; x64) AppleWebKit/537.36 (KHTML, like Gecko) Chrome/63.0.3239.132 Safari/537.36"
10.240.1.30 - - [26/Feb/2018:07:17:24 +0000] "GET /phpmyadmin/js/get_scripts.js.php?scripts[]=db_structure.js&scripts[]=tbl_change.js HTTP/1.1" 200 35255 "https://stonehill-hackaton-cryogenicplanet.c9users.io:8081/phpmyadmin/index.php?token=4b745458c5dbcf7ec5baf31d41e17ead" "Mozilla/5.0 (Windows NT 10.0; Win64; x64) AppleWebKit/537.36 (KHTML, like Gecko) Chrome/63.0.3239.132 Safari/537.36"
10.240.0.25 - - [26/Feb/2018:07:17:24 +0000] "GET /phpmyadmin/navigation.php?ajax_request=1&token=4b745458c5dbcf7ec5baf31d41e17ead&aPath=cm9vdA%3D%3D.Yzk%3D&vPath=cm9vdA%3D%3D.Yzk%3D&pos=0&pos2_name=&pos2_value=&searchClause=&searchClause2=&_nocache=1519629446240586115 HTTP/1.1" 200 3340 "https://stonehill-hackaton-cryogenicplanet.c9users.io:8081/phpmyadmin/index.php?token=4b745458c5dbcf7ec5baf31d41e17ead" "Mozilla/5.0 (Windows NT 10.0; Win64; x64) AppleWebKit/537.36 (KHTML, like Gecko) Chrome/63.0.3239.132 Safari/537.36"
10.240.0.25 - - [26/Feb/2018:07:17:27 +0000] "GET /phpmyadmin/sql.php?db=c9&token=4b745458c5dbcf7ec5baf31d41e17ead&goto=db_structure.php&table=Settings&pos=0&ajax_request=true&ajax_page_request=true&menuHashes=d66ad69c-79f622aa&_nocache=1519629449214985845 HTTP/1.1" 200 10816 "https://stonehill-hackaton-cryogenicplanet.c9users.io:8081/phpmyadmin/index.php?token=4b745458c5dbcf7ec5baf31d41e17ead" "Mozilla/5.0 (Windows NT 10.0; Win64; x64) AppleWebKit/537.36 (KHTML, like Gecko) Chrome/63.0.3239.132 Safari/537.36"
10.240.1.65 - - [26/Feb/2018:07:17:28 +0000] "GET /phpmyadmin/js/get_scripts.js.php?scripts[]=tbl_structure.js&scripts[]=gis_data_editor.js HTTP/1.1" 200 31753 "https://stonehill-hackaton-cryogenicplanet.c9users.io:8081/phpmyadmin/index.php?token=4b745458c5dbcf7ec5baf31d41e17ead" "Mozilla/5.0 (Windows NT 10.0; Win64; x64) AppleWebKit/537.36 (KHTML, like Gecko) Chrome/63.0.3239.132 Safari/537.36"
10.240.1.20 - - [26/Feb/2018:07:17:29 +0000] "GET /phpmyadmin/index.php?ajax_request=1&recent_table=1&token=4b745458c5dbcf7ec5baf31d41e17ead HTTP/1.1" 200 782 "https://stonehill-hackaton-cryogenicplanet.c9users.io:8081/phpmyadmin/index.php?token=4b745458c5dbcf7ec5baf31d41e17ead" "Mozilla/5.0 (Windows NT 10.0; Win64; x64) AppleWebKit/537.36 (KHTML, like Gecko) Chrome/63.0.3239.132 Safari/537.36"
10.240.1.65 - - [26/Feb/2018:07:17:29 +0000] "GET /phpmyadmin/tbl_structure.php?db=c9&table=Settings&token=4b745458c5dbcf7ec5baf31d41e17ead&ajax_request=true&ajax_page_request=true&menuHashes=d66ad69c-79f622aa-33be9bec&_nocache=1519629451255236206 HTTP/1.1" 200 33285 "https://stonehill-hackaton-cryogenicplanet.c9users.io:8081/phpmyadmin/index.php?token=4b745458c5dbcf7ec5baf31d41e17ead" "Mozilla/5.0 (Windows NT 10.0; Win64; x64) AppleWebKit/537.36 (KHTML, like Gecko) Chrome/63.0.3239.132 Safari/537.36"
10.240.1.65 - - [26/Feb/2018:07:17:30 +0000] "GET /phpmyadmin/index.php?ajax_request=1&recent_table=1&token=4b745458c5dbcf7ec5baf31d41e17ead HTTP/1.1" 200 782 "https://stonehill-hackaton-cryogenicplanet.c9users.io:8081/phpmyadmin/index.php?token=4b745458c5dbcf7ec5baf31d41e17ead" "Mozilla/5.0 (Windows NT 10.0; Win64; x64) AppleWebKit/537.36 (KHTML, like Gecko) Chrome/63.0.3239.132 Safari/537.36"
10.240.0.25 - - [26/Feb/2018:07:17:42 +0000] "POST /phpmyadmin/tbl_addfield.php HTTP/1.1" 200 41133 "https://stonehill-hackaton-cryogenicplanet.c9users.io:8081/phpmyadmin/index.php?token=4b745458c5dbcf7ec5baf31d41e17ead" "Mozilla/5.0 (Windows NT 10.0; Win64; x64) AppleWebKit/537.36 (KHTML, like Gecko) Chrome/63.0.3239.132 Safari/537.36"
10.240.1.65 - - [26/Feb/2018:07:17:42 +0000] "GET /phpmyadmin/index.php?ajax_request=1&recent_table=1&token=4b745458c5dbcf7ec5baf31d41e17ead HTTP/1.1" 200 782 "https://stonehill-hackaton-cryogenicplanet.c9users.io:8081/phpmyadmin/index.php?token=4b745458c5dbcf7ec5baf31d41e17ead" "Mozilla/5.0 (Windows NT 10.0; Win64; x64) AppleWebKit/537.36 (KHTML, like Gecko) Chrome/63.0.3239.132 Safari/537.36"
10.240.0.25 - - [26/Feb/2018:07:17:48 +0000] "POST /phpmyadmin/tbl_addfield.php HTTP/1.1" 200 2868 "https://stonehill-hackaton-cryogenicplanet.c9users.io:8081/phpmyadmin/index.php?token=4b745458c5dbcf7ec5baf31d41e17ead" "Mozilla/5.0 (Windows NT 10.0; Win64; x64) AppleWebKit/537.36 (KHTML, like Gecko) Chrome/63.0.3239.132 Safari/537.36"
10.240.0.25 - - [26/Feb/2018:07:17:49 +0000] "POST /phpmyadmin/index.php?token=4b745458c5dbcf7ec5baf31d41e17ead HTTP/1.1" 200 32085 "https://stonehill-hackaton-cryogenicplanet.c9users.io:8081/phpmyadmin/index.php?token=4b745458c5dbcf7ec5baf31d41e17ead" "Mozilla/5.0 (Windows NT 10.0; Win64; x64) AppleWebKit/537.36 (KHTML, like Gecko) Chrome/63.0.3239.132 Safari/537.36"
10.240.0.25 - - [26/Feb/2018:07:17:49 +0000] "POST /phpmyadmin/navigation.php?ajax_request=1&token=4b745458c5dbcf7ec5baf31d41e17ead HTTP/1.1" 200 7054 "https://stonehill-hackaton-cryogenicplanet.c9users.io:8081/phpmyadmin/index.php?token=4b745458c5dbcf7ec5baf31d41e17ead" "Mozilla/5.0 (Windows NT 10.0; Win64; x64) AppleWebKit/537.36 (KHTML, like Gecko) Chrome/63.0.3239.132 Safari/537.36"
10.240.1.50 - - [26/Feb/2018:07:17:51 +0000] "GET /phpmyadmin/sql.php?db=c9&table=Settings&token=4b745458c5dbcf7ec5baf31d41e17ead&pos=0&ajax_request=true&ajax_page_request=true&menuHashes=d66ad69c-79f622aa-33be9bec-5c0ca1db&_nocache=1519629472514923622 HTTP/1.1" 200 7562 "https://stonehill-hackaton-cryogenicplanet.c9users.io:8081/phpmyadmin/index.php?token=4b745458c5dbcf7ec5baf31d41e17ead" "Mozilla/5.0 (Windows NT 10.0; Win64; x64) AppleWebKit/537.36 (KHTML, like Gecko) Chrome/63.0.3239.132 Safari/537.36"
10.240.0.25 - - [26/Feb/2018:07:17:51 +0000] "GET /phpmyadmin/index.php?ajax_request=1&recent_table=1&token=4b745458c5dbcf7ec5baf31d41e17ead HTTP/1.1" 200 782 "https://stonehill-hackaton-cryogenicplanet.c9users.io:8081/phpmyadmin/index.php?token=4b745458c5dbcf7ec5baf31d41e17ead" "Mozilla/5.0 (Windows NT 10.0; Win64; x64) AppleWebKit/537.36 (KHTML, like Gecko) Chrome/63.0.3239.132 Safari/537.36"
10.240.0.25 - - [26/Feb/2018:07:17:58 +0000] "GET /phpmyadmin/tbl_structure.php?db=c9&table=Settings&token=4b745458c5dbcf7ec5baf31d41e17ead&ajax_request=true&ajax_page_request=true&menuHashes=d66ad69c-79f622aa-33be9bec-5c0ca1db&_nocache=151962947977998854 HTTP/1.1" 200 33707 "https://stonehill-hackaton-cryogenicplanet.c9users.io:8081/phpmyadmin/index.php?token=4b745458c5dbcf7ec5baf31d41e17ead" "Mozilla/5.0 (Windows NT 10.0; Win64; x64) AppleWebKit/537.36 (KHTML, like Gecko) Chrome/63.0.3239.132 Safari/537.36"
10.240.0.64 - - [26/Feb/2018:07:17:59 +0000] "GET /phpmyadmin/index.php?ajax_request=1&recent_table=1&token=4b745458c5dbcf7ec5baf31d41e17ead HTTP/1.1" 200 782 "https://stonehill-hackaton-cryogenicplanet.c9users.io:8081/phpmyadmin/index.php?token=4b745458c5dbcf7ec5baf31d41e17ead" "Mozilla/5.0 (Windows NT 10.0; Win64; x64) AppleWebKit/537.36 (KHTML, like Gecko) Chrome/63.0.3239.132 Safari/537.36"
10.240.0.64 - - [26/Feb/2018:07:18:00 +0000] "GET /phpmyadmin/sql.php?db=c9&table=Settings&token=4b745458c5dbcf7ec5baf31d41e17ead&pos=0&ajax_request=true&ajax_page_request=true&menuHashes=d66ad69c-79f622aa-33be9bec-5c0ca1db&_nocache=1519629482224423173 HTTP/1.1" 200 7562 "https://stonehill-hackaton-cryogenicplanet.c9users.io:8081/phpmyadmin/index.php?token=4b745458c5dbcf7ec5baf31d41e17ead" "Mozilla/5.0 (Windows NT 10.0; Win64; x64) AppleWebKit/537.36 (KHTML, like Gecko) Chrome/63.0.3239.132 Safari/537.36"
10.240.0.64 - - [26/Feb/2018:07:18:00 +0000] "GET /phpmyadmin/index.php?ajax_request=1&recent_table=1&token=4b745458c5dbcf7ec5baf31d41e17ead HTTP/1.1" 200 782 "https://stonehill-hackaton-cryogenicplanet.c9users.io:8081/phpmyadmin/index.php?token=4b745458c5dbcf7ec5baf31d41e17ead" "Mozilla/5.0 (Windows NT 10.0; Win64; x64) AppleWebKit/537.36 (KHTML, like Gecko) Chrome/63.0.3239.132 Safari/537.36"
10.240.1.65 - - [26/Feb/2018:07:20:21 +0000] "GET /favicon.ico HTTP/1.1" 404 537 "https://stonehill-hackaton-cryogenicplanet.c9users.io:8081/phpmyadmin" "Mozilla/5.0 (Windows NT 10.0; Win64; x64) AppleWebKit/537.36 (KHTML, like Gecko) Chrome/63.0.3239.132 Safari/537.36"
10.240.1.65 - - [26/Feb/2018:07:20:22 +0000] "GET /phpmyadmin HTTP/1.1" 301 696 "https://stonehill-hackaton-cryogenicplanet.c9users.io:8081/phpmyadmin" "Mozilla/5.0 (Windows NT 10.0; Win64; x64) AppleWebKit/537.36 (KHTML, like Gecko) Chrome/63.0.3239.132 Safari/537.36"
10.240.1.30 - - [26/Feb/2018:07:20:23 +0000] "GET /phpmyadmin/ HTTP/1.1" 200 4019 "https://stonehill-hackaton-cryogenicplanet.c9users.io:8081/phpmyadmin" "Mozilla/5.0 (Windows NT 10.0; Win64; x64) AppleWebKit/537.36 (KHTML, like Gecko) Chrome/63.0.3239.132 Safari/537.36"
10.240.1.65 - - [26/Feb/2018:07:20:23 +0000] "GET /phpmyadmin/themes/pmahomme/jquery/jquery-ui-1.9.2.custom.css HTTP/1.1" 200 6514 "https://stonehill-hackaton-cryogenicplanet.c9users.io:8081/phpmyadmin/" "Mozilla/5.0 (Windows NT 10.0; Win64; x64) AppleWebKit/537.36 (KHTML, like Gecko) Chrome/63.0.3239.132 Safari/537.36"
10.240.1.30 - - [26/Feb/2018:07:20:23 +0000] "GET /phpmyadmin/js/messages.php?lang=en&db=&collation_connection=utf8_general_ci&token=94fba385e955da3710b96e226e59b90e HTTP/1.1" 200 17209 "https://stonehill-hackaton-cryogenicplanet.c9users.io:8081/phpmyadmin/" "Mozilla/5.0 (Windows NT 10.0; Win64; x64) AppleWebKit/537.36 (KHTML, like Gecko) Chrome/63.0.3239.132 Safari/537.36"
10.240.1.20 - - [26/Feb/2018:07:20:24 +0000] "GET /phpmyadmin/phpmyadmin.css.php?server=1&lang=en&collation_connection=utf8_general_ci&token=94fba385e955da3710b96e226e59b90e&nocache=4291981622ltr HTTP/1.1" 200 17609 "https://stonehill-hackaton-cryogenicplanet.c9users.io:8081/phpmyadmin/" "Mozilla/5.0 (Windows NT 10.0; Win64; x64) AppleWebKit/537.36 (KHTML, like Gecko) Chrome/63.0.3239.132 Safari/537.36"
10.240.0.25 - - [26/Feb/2018:07:20:24 +0000] "GET /phpmyadmin/js/get_image.js.php?theme=pmahomme HTTP/1.1" 200 6653 "https://stonehill-hackaton-cryogenicplanet.c9users.io:8081/phpmyadmin/" "Mozilla/5.0 (Windows NT 10.0; Win64; x64) AppleWebKit/537.36 (KHTML, like Gecko) Chrome/63.0.3239.132 Safari/537.36"
10.240.1.65 - - [26/Feb/2018:07:20:24 +0000] "GET /phpmyadmin/themes/pmahomme/img/logo_right.png HTTP/1.1" 200 4578 "https://stonehill-hackaton-cryogenicplanet.c9users.io:8081/phpmyadmin/" "Mozilla/5.0 (Windows NT 10.0; Win64; x64) AppleWebKit/537.36 (KHTML, like Gecko) Chrome/63.0.3239.132 Safari/537.36"
10.240.1.65 - - [26/Feb/2018:07:20:24 +0000] "GET /phpmyadmin/themes/dot.gif HTTP/1.1" 200 325 "https://stonehill-hackaton-cryogenicplanet.c9users.io:8081/phpmyadmin/" "Mozilla/5.0 (Windows NT 10.0; Win64; x64) AppleWebKit/537.36 (KHTML, like Gecko) Chrome/63.0.3239.132 Safari/537.36"
10.240.1.20 - - [26/Feb/2018:07:20:24 +0000] "GET /phpmyadmin/js/get_scripts.js.php?scripts[]=jquery/jquery-1.8.3.min.js&scripts[]=ajax.js&scripts[]=keyhandler.js&scripts[]=jquery/jquery-ui-1.9.2.custom.min.js&scripts[]=jquery/jquery.sprintf.js&scripts[]=jquery/jquery.cookie.js&scripts[]=jquery/jquery.mousewheel.js&scripts[]=jquery/jquery.event.drag-2.2.js&scripts[]=jquery/jquery-ui-timepicker-addon.js&scripts[]=jquery/jquery.ba-hashchange-1.3.js&scripts[]=jquery/jquery.debounce-1.0.5.js&scripts[]=jquery/jquery.menuResizer-1.0.js&scripts[]=rte.js&scripts[]=functions.js&scripts[]=navigation.js&scripts[]=indexes.js&scripts[]=common.js&scripts[]=codemirror/lib/codemirror.js&scripts[]=codemirror/mode/mysql/mysql.js HTTP/1.1" 200 819108 "https://stonehill-hackaton-cryogenicplanet.c9users.io:8081/phpmyadmin/" "Mozilla/5.0 (Windows NT 10.0; Win64; x64) AppleWebKit/537.36 (KHTML, like Gecko) Chrome/63.0.3239.132 Safari/537.36"
10.240.0.25 - - [26/Feb/2018:07:20:26 +0000] "GET /phpmyadmin/themes/pmahomme/img/sprites.png HTTP/1.1" 200 38740 "https://stonehill-hackaton-cryogenicplanet.c9users.io:8081/phpmyadmin/phpmyadmin.css.php?server=1&lang=en&collation_connection=utf8_general_ci&token=94fba385e955da3710b96e226e59b90e&nocache=4291981622ltr" "Mozilla/5.0 (Windows NT 10.0; Win64; x64) AppleWebKit/537.36 (KHTML, like Gecko) Chrome/63.0.3239.132 Safari/537.36"
10.240.0.64 - - [26/Feb/2018:07:20:27 +0000] "GET /phpmyadmin/favicon.ico HTTP/1.1" 200 19204 "https://stonehill-hackaton-cryogenicplanet.c9users.io:8081/phpmyadmin/" "Mozilla/5.0 (Windows NT 10.0; Win64; x64) AppleWebKit/537.36 (KHTML, like Gecko) Chrome/63.0.3239.132 Safari/537.36"
10.240.0.64 - - [26/Feb/2018:07:20:47 +0000] "POST /phpmyadmin/index.php HTTP/1.1" 302 735 "https://stonehill-hackaton-cryogenicplanet.c9users.io:8081/phpmyadmin/" "Mozilla/5.0 (Windows NT 10.0; Win64; x64) AppleWebKit/537.36 (KHTML, like Gecko) Chrome/63.0.3239.132 Safari/537.36"
10.240.0.25 - - [26/Feb/2018:07:20:47 +0000] "GET /phpmyadmin/index.php?token=94fba385e955da3710b96e226e59b90e HTTP/1.1" 200 8472 "https://stonehill-hackaton-cryogenicplanet.c9users.io:8081/phpmyadmin/" "Mozilla/5.0 (Windows NT 10.0; Win64; x64) AppleWebKit/537.36 (KHTML, like Gecko) Chrome/63.0.3239.132 Safari/537.36"
10.240.0.64 - - [26/Feb/2018:07:20:47 +0000] "GET /phpmyadmin/phpmyadmin.css.php?server=1&token=94fba385e955da3710b96e226e59b90e&nocache=5811611269ltr HTTP/1.1" 200 17609 "https://stonehill-hackaton-cryogenicplanet.c9users.io:8081/phpmyadmin/index.php?token=94fba385e955da3710b96e226e59b90e" "Mozilla/5.0 (Windows NT 10.0; Win64; x64) AppleWebKit/537.36 (KHTML, like Gecko) Chrome/63.0.3239.132 Safari/537.36"
10.240.0.64 - - [26/Feb/2018:07:20:47 +0000] "GET /phpmyadmin/js/messages.php?lang=en&db=&token=94fba385e955da3710b96e226e59b90e HTTP/1.1" 200 17209 "https://stonehill-hackaton-cryogenicplanet.c9users.io:8081/phpmyadmin/index.php?token=94fba385e955da3710b96e226e59b90e" "Mozilla/5.0 (Windows NT 10.0; Win64; x64) AppleWebKit/537.36 (KHTML, like Gecko) Chrome/63.0.3239.132 Safari/537.36"
10.240.0.25 - - [26/Feb/2018:07:20:48 +0000] "GET /phpmyadmin/themes/pmahomme/img/left_nav_bg.png HTTP/1.1" 200 511 "https://stonehill-hackaton-cryogenicplanet.c9users.io:8081/phpmyadmin/phpmyadmin.css.php?server=1&token=94fba385e955da3710b96e226e59b90e&nocache=5811611269ltr" "Mozilla/5.0 (Windows NT 10.0; Win64; x64) AppleWebKit/537.36 (KHTML, like Gecko) Chrome/63.0.3239.132 Safari/537.36"
10.240.1.191 - - [26/Feb/2018:07:20:48 +0000] "GET /phpmyadmin/themes/pmahomme/img/logo_left.png HTTP/1.1" 200 2561 "https://stonehill-hackaton-cryogenicplanet.c9users.io:8081/phpmyadmin/index.php?token=94fba385e955da3710b96e226e59b90e" "Mozilla/5.0 (Windows NT 10.0; Win64; x64) AppleWebKit/537.36 (KHTML, like Gecko) Chrome/63.0.3239.132 Safari/537.36"
10.240.1.50 - - [26/Feb/2018:07:20:48 +0000] "GET /phpmyadmin/themes/pmahomme/img/ajax_clock_small.gif HTTP/1.1" 200 2095 "https://stonehill-hackaton-cryogenicplanet.c9users.io:8081/phpmyadmin/index.php?token=94fba385e955da3710b96e226e59b90e" "Mozilla/5.0 (Windows NT 10.0; Win64; x64) AppleWebKit/537.36 (KHTML, like Gecko) Chrome/63.0.3239.132 Safari/537.36"
10.240.1.50 - - [26/Feb/2018:07:20:58 +0000] "GET /phpmyadmin/prefs_manage.php?db=&token=94fba385e955da3710b96e226e59b90e&ajax_request=true&ajax_page_request=true&menuHashes=a3a25ef5&_nocache=1519629658736413530 HTTP/1.1" 200 12181 "https://stonehill-hackaton-cryogenicplanet.c9users.io:8081/phpmyadmin/index.php?token=94fba385e955da3710b96e226e59b90e" "Mozilla/5.0 (Windows NT 10.0; Win64; x64) AppleWebKit/537.36 (KHTML, like Gecko) Chrome/63.0.3239.132 Safari/537.36"
10.240.1.30 - - [26/Feb/2018:07:20:59 +0000] "GET /phpmyadmin/js/get_scripts.js.php?scripts[]=config.js HTTP/1.1" 200 24175 "https://stonehill-hackaton-cryogenicplanet.c9users.io:8081/phpmyadmin/index.php?token=94fba385e955da3710b96e226e59b90e" "Mozilla/5.0 (Windows NT 10.0; Win64; x64) AppleWebKit/537.36 (KHTML, like Gecko) Chrome/63.0.3239.132 Safari/537.36"
10.240.1.30 - - [26/Feb/2018:07:21:20 +0000] "GET /phpmyadmin/server_databases.php?db=&token=94fba385e955da3710b96e226e59b90e&ajax_request=true&ajax_page_request=true&menuHashes=a3a25ef5-7c330ff9&_nocache=1519629680509437797 HTTP/1.1" 200 34217 "https://stonehill-hackaton-cryogenicplanet.c9users.io:8081/phpmyadmin/index.php?token=94fba385e955da3710b96e226e59b90e" "Mozilla/5.0 (Windows NT 10.0; Win64; x64) AppleWebKit/537.36 (KHTML, like Gecko) Chrome/63.0.3239.132 Safari/537.36"
10.240.1.50 - - [26/Feb/2018:07:21:20 +0000] "GET /phpmyadmin/themes/pmahomme/img/arrow_ltr.png HTTP/1.1" 200 422 "https://stonehill-hackaton-cryogenicplanet.c9users.io:8081/phpmyadmin/index.php?token=94fba385e955da3710b96e226e59b90e" "Mozilla/5.0 (Windows NT 10.0; Win64; x64) AppleWebKit/537.36 (KHTML, like Gecko) Chrome/63.0.3239.132 Safari/537.36"
10.240.0.25 - - [26/Feb/2018:07:21:21 +0000] "GET /phpmyadmin/js/get_scripts.js.php?scripts[]=server_databases.js HTTP/1.1" 200 4864 "https://stonehill-hackaton-cryogenicplanet.c9users.io:8081/phpmyadmin/index.php?token=94fba385e955da3710b96e226e59b90e" "Mozilla/5.0 (Windows NT 10.0; Win64; x64) AppleWebKit/537.36 (KHTML, like Gecko) Chrome/63.0.3239.132 Safari/537.36"
10.240.1.65 - - [26/Feb/2018:07:21:27 +0000] "GET /phpmyadmin/server_privileges.php?db=&token=94fba385e955da3710b96e226e59b90e&ajax_request=true&ajax_page_request=true&menuHashes=a3a25ef5-7c330ff9-661c2747&_nocache=151962968717375548 HTTP/1.1" 200 15761 "https://stonehill-hackaton-cryogenicplanet.c9users.io:8081/phpmyadmin/index.php?token=94fba385e955da3710b96e226e59b90e" "Mozilla/5.0 (Windows NT 10.0; Win64; x64) AppleWebKit/537.36 (KHTML, like Gecko) Chrome/63.0.3239.132 Safari/537.36"
10.240.1.65 - - [26/Feb/2018:07:21:28 +0000] "GET /phpmyadmin/js/get_scripts.js.php?scripts[]=server_privileges.js HTTP/1.1" 200 22154 "https://stonehill-hackaton-cryogenicplanet.c9users.io:8081/phpmyadmin/index.php?token=94fba385e955da3710b96e226e59b90e" "Mozilla/5.0 (Windows NT 10.0; Win64; x64) AppleWebKit/537.36 (KHTML, like Gecko) Chrome/63.0.3239.132 Safari/537.36"
10.240.0.25 - - [26/Feb/2018:07:21:34 +0000] "GET /phpmyadmin/server_status.php?db=&token=94fba385e955da3710b96e226e59b90e&ajax_request=true&ajax_page_request=true&menuHashes=a3a25ef5-7c330ff9-661c2747-4a23fcc6&_nocache=1519629693736329814 HTTP/1.1" 200 10230 "https://stonehill-hackaton-cryogenicplanet.c9users.io:8081/phpmyadmin/index.php?token=94fba385e955da3710b96e226e59b90e" "Mozilla/5.0 (Windows NT 10.0; Win64; x64) AppleWebKit/537.36 (KHTML, like Gecko) Chrome/63.0.3239.132 Safari/537.36"
10.240.1.30 - - [26/Feb/2018:07:21:35 +0000] "GET /phpmyadmin/themes/pmahomme/img/s_fulltext.png HTTP/1.1" 200 455 "https://stonehill-hackaton-cryogenicplanet.c9users.io:8081/phpmyadmin/index.php?token=94fba385e955da3710b96e226e59b90e" "Mozilla/5.0 (Windows NT 10.0; Win64; x64) AppleWebKit/537.36 (KHTML, like Gecko) Chrome/63.0.3239.132 Safari/537.36"
10.240.1.20 - - [26/Feb/2018:07:23:53 +0000] "GET /phpmyadmin/index.php?token=4b745458c5dbcf7ec5baf31d41e17ead HTTP/1.1" 200 8468 "https://stonehill-hackaton-cryogenicplanet.c9users.io:8081/phpmyadmin/index.php?db=&table=&server=1&target=&token=4b745458c5dbcf7ec5baf31d41e17ead" "Mozilla/5.0 (Windows NT 10.0; Win64; x64) AppleWebKit/537.36 (KHTML, like Gecko) Chrome/63.0.3239.132 Safari/537.36"
10.240.1.50 - - [26/Feb/2018:07:23:55 +0000] "GET /phpmyadmin/sql.php?db=c9&table=Settings&server=1&target=&token=4b745458c5dbcf7ec5baf31d41e17ead HTTP/1.1" 200 4532 "https://stonehill-hackaton-cryogenicplanet.c9users.io:8081/phpmyadmin/index.php?token=4b745458c5dbcf7ec5baf31d41e17ead" "Mozilla/5.0 (Windows NT 10.0; Win64; x64) AppleWebKit/537.36 (KHTML, like Gecko) Chrome/63.0.3239.132 Safari/537.36"
10.240.0.25 - - [26/Feb/2018:07:23:56 +0000] "GET /phpmyadmin/js/get_scripts.js.php?scripts[]=jquery/jquery-1.8.3.min.js&scripts[]=ajax.js&scripts[]=keyhandler.js&scripts[]=jquery/jquery-ui-1.9.2.custom.min.js&scripts[]=jquery/jquery.sprintf.js&scripts[]=jquery/jquery.cookie.js&scripts[]=jquery/jquery.mousewheel.js&scripts[]=jquery/jquery.event.drag-2.2.js&scripts[]=jquery/jquery-ui-timepicker-addon.js&scripts[]=jquery/jquery.ba-hashchange-1.3.js&scripts[]=jquery/jquery.debounce-1.0.5.js&scripts[]=jquery/jquery.menuResizer-1.0.js&scripts[]=rte.js&scripts[]=functions.js&scripts[]=navigation.js&scripts[]=indexes.js&scripts[]=common.js&scripts[]=tbl_change.js&scripts[]=tbl_structure.js&scripts[]=gis_data_editor.js&scripts[]=codemirror/lib/codemirror.js&scripts[]=codemirror/mode/mysql/mysql.js HTTP/1.1" 200 870447 "https://stonehill-hackaton-cryogenicplanet.c9users.io:8081/phpmyadmin/sql.php?db=c9&table=Settings&server=1&target=&token=4b745458c5dbcf7ec5baf31d41e17ead" "Mozilla/5.0 (Windows NT 10.0; Win64; x64) AppleWebKit/537.36 (KHTML, like Gecko) Chrome/63.0.3239.132 Safari/537.36"
10.240.1.191 - - [26/Feb/2018:07:24:02 +0000] "GET /phpmyadmin/navigation.php?ajax_request=1&token=4b745458c5dbcf7ec5baf31d41e17ead&aPath=cm9vdA%3D%3D.Yzk%3D&vPath=cm9vdA%3D%3D.Yzk%3D&pos=0&pos2_name=&pos2_value=&searchClause=&searchClause2=&_nocache=1519629843488619330 HTTP/1.1" 200 3340 "https://stonehill-hackaton-cryogenicplanet.c9users.io:8081/phpmyadmin/sql.php?db=c9&table=Settings&server=1&target=&token=4b745458c5dbcf7ec5baf31d41e17ead" "Mozilla/5.0 (Windows NT 10.0; Win64; x64) AppleWebKit/537.36 (KHTML, like Gecko) Chrome/63.0.3239.132 Safari/537.36"
10.240.1.191 - - [26/Feb/2018:07:24:02 +0000] "GET /phpmyadmin/index.php?ajax_request=1&recent_table=1&token=4b745458c5dbcf7ec5baf31d41e17ead HTTP/1.1" 200 782 "https://stonehill-hackaton-cryogenicplanet.c9users.io:8081/phpmyadmin/sql.php?db=c9&table=Settings&server=1&target=&token=4b745458c5dbcf7ec5baf31d41e17ead" "Mozilla/5.0 (Windows NT 10.0; Win64; x64) AppleWebKit/537.36 (KHTML, like Gecko) Chrome/63.0.3239.132 Safari/537.36"
10.240.1.50 - - [26/Feb/2018:07:24:03 +0000] "GET /phpmyadmin/tbl_structure.php?db=c9&table=Settings&token=4b745458c5dbcf7ec5baf31d41e17ead&ajax_request=true&ajax_page_request=true&menuHashes=33be9bec&_nocache=1519629844977371569 HTTP/1.1" 200 36942 "https://stonehill-hackaton-cryogenicplanet.c9users.io:8081/phpmyadmin/sql.php?db=c9&table=Settings&server=1&target=&token=4b745458c5dbcf7ec5baf31d41e17ead" "Mozilla/5.0 (Windows NT 10.0; Win64; x64) AppleWebKit/537.36 (KHTML, like Gecko) Chrome/63.0.3239.132 Safari/537.36"
10.240.0.64 - - [26/Feb/2018:07:24:04 +0000] "GET /phpmyadmin/index.php?ajax_request=1&recent_table=1&token=4b745458c5dbcf7ec5baf31d41e17ead HTTP/1.1" 200 782 "https://stonehill-hackaton-cryogenicplanet.c9users.io:8081/phpmyadmin/sql.php?db=c9&table=Settings&server=1&target=&token=4b745458c5dbcf7ec5baf31d41e17ead" "Mozilla/5.0 (Windows NT 10.0; Win64; x64) AppleWebKit/537.36 (KHTML, like Gecko) Chrome/63.0.3239.132 Safari/537.36"
10.240.1.191 - - [26/Feb/2018:07:25:12 +0000] "GET /phpmyadmin/ HTTP/1.1" 200 8472 "-" "Mozilla/5.0 (Windows NT 10.0; Win64; x64) AppleWebKit/537.36 (KHTML, like Gecko) Chrome/63.0.3239.132 Safari/537.36"
10.240.1.191 - - [26/Feb/2018:07:25:16 +0000] "GET /phpmyadmin/prefs_manage.php?db=&token=94fba385e955da3710b96e226e59b90e&ajax_request=true&ajax_page_request=true&menuHashes=a3a25ef5&_nocache=1519629917200558177 HTTP/1.1" 200 12181 "https://stonehill-hackaton-cryogenicplanet.c9users.io:8081/phpmyadmin/" "Mozilla/5.0 (Windows NT 10.0; Win64; x64) AppleWebKit/537.36 (KHTML, like Gecko) Chrome/63.0.3239.132 Safari/537.36"
10.240.1.30 - - [26/Feb/2018:07:25:44 +0000] "GET /phpmyadmin/db_structure.php?server=1&db=mysql&token=94fba385e955da3710b96e226e59b90e&ajax_request=true&ajax_page_request=true&menuHashes=a3a25ef5-7c330ff9&_nocache=1519629944056365011 HTTP/1.1" 200 77808 "https://stonehill-hackaton-cryogenicplanet.c9users.io:8081/phpmyadmin/" "Mozilla/5.0 (Windows NT 10.0; Win64; x64) AppleWebKit/537.36 (KHTML, like Gecko) Chrome/63.0.3239.132 Safari/537.36"
10.240.0.64 - - [26/Feb/2018:07:25:46 +0000] "GET /phpmyadmin/js/get_scripts.js.php?scripts[]=db_structure.js&scripts[]=tbl_change.js HTTP/1.1" 200 35255 "https://stonehill-hackaton-cryogenicplanet.c9users.io:8081/phpmyadmin/" "Mozilla/5.0 (Windows NT 10.0; Win64; x64) AppleWebKit/537.36 (KHTML, like Gecko) Chrome/63.0.3239.132 Safari/537.36"
10.240.0.25 - - [26/Feb/2018:07:25:46 +0000] "GET /phpmyadmin/navigation.php?ajax_request=1&token=94fba385e955da3710b96e226e59b90e&aPath=cm9vdA%3D%3D.bXlzcWw%3D&vPath=cm9vdA%3D%3D.bXlzcWw%3D&pos=0&pos2_name=&pos2_value=&searchClause=&searchClause2=&_nocache=1519629946332981458 HTTP/1.1" 200 21258 "https://stonehill-hackaton-cryogenicplanet.c9users.io:8081/phpmyadmin/" "Mozilla/5.0 (Windows NT 10.0; Win64; x64) AppleWebKit/537.36 (KHTML, like Gecko) Chrome/63.0.3239.132 Safari/537.36"
10.240.1.191 - - [26/Feb/2018:07:25:51 +0000] "GET /phpmyadmin/db_structure.php?server=1&db=phpmyadmin&token=94fba385e955da3710b96e226e59b90e&ajax_request=true&ajax_page_request=true&menuHashes=a3a25ef5-7c330ff9-4f765a81&_nocache=1519629952305209134 HTTP/1.1" 200 79599 "https://stonehill-hackaton-cryogenicplanet.c9users.io:8081/phpmyadmin/" "Mozilla/5.0 (Windows NT 10.0; Win64; x64) AppleWebKit/537.36 (KHTML, like Gecko) Chrome/63.0.3239.132 Safari/537.36"
10.240.1.30 - - [26/Feb/2018:07:25:53 +0000] "GET /phpmyadmin/navigation.php?ajax_request=1&token=94fba385e955da3710b96e226e59b90e&aPath=cm9vdA%3D%3D.cGhwbXlhZG1pbg%3D%3D&vPath=cm9vdA%3D%3D.cGhwbXlhZG1pbg%3D%3D&pos=0&pos2_name=&pos2_value=&searchClause=&searchClause2=&_nocache=1519629953589444274 HTTP/1.1" 200 23341 "https://stonehill-hackaton-cryogenicplanet.c9users.io:8081/phpmyadmin/" "Mozilla/5.0 (Windows NT 10.0; Win64; x64) AppleWebKit/537.36 (KHTML, like Gecko) Chrome/63.0.3239.132 Safari/537.36"
10.240.1.30 - - [26/Feb/2018:07:28:30 +0000] "GET /phpmyadmin/db_structure.php?server=1&db=mysql&token=94fba385e955da3710b96e226e59b90e&ajax_request=true&ajax_page_request=true&menuHashes=a3a25ef5-7c330ff9-4f765a81-8ae38df9&_nocache=1519630109712963214 HTTP/1.1" 200 74310 "https://stonehill-hackaton-cryogenicplanet.c9users.io:8081/phpmyadmin/" "Mozilla/5.0 (Windows NT 10.0; Win64; x64) AppleWebKit/537.36 (KHTML, like Gecko) Chrome/63.0.3239.132 Safari/537.36"
10.240.1.191 - - [26/Feb/2018:07:28:39 +0000] "GET /phpmyadmin/db_structure.php?server=1&db=mysql&token=94fba385e955da3710b96e226e59b90e&ajax_request=true&ajax_page_request=true&menuHashes=a3a25ef5-7c330ff9-4f765a81-8ae38df9&_nocache=1519630119352216475 HTTP/1.1" 200 74310 "https://stonehill-hackaton-cryogenicplanet.c9users.io:8081/phpmyadmin/" "Mozilla/5.0 (Windows NT 10.0; Win64; x64) AppleWebKit/537.36 (KHTML, like Gecko) Chrome/63.0.3239.132 Safari/537.36"
10.240.1.20 - - [26/Feb/2018:07:28:52 +0000] "GET /phpmyadmin HTTP/1.1" 301 696 "-" "Mozilla/5.0 (Windows NT 10.0; Win64; x64) AppleWebKit/537.36 (KHTML, like Gecko) Chrome/63.0.3239.132 Safari/537.36"
10.240.0.25 - - [26/Feb/2018:07:28:53 +0000] "GET /phpmyadmin/ HTTP/1.1" 200 8472 "-" "Mozilla/5.0 (Windows NT 10.0; Win64; x64) AppleWebKit/537.36 (KHTML, like Gecko) Chrome/63.0.3239.132 Safari/537.36"
10.240.0.25 - - [26/Feb/2018:07:29:33 +0000] "GET /phpmyadmin/prefs_manage.php?db=&token=94fba385e955da3710b96e226e59b90e&ajax_request=true&ajax_page_request=true&menuHashes=a3a25ef5&_nocache=1519630173613746713 HTTP/1.1" 200 12181 "https://stonehill-hackaton-cryogenicplanet.c9users.io:8081/phpmyadmin/" "Mozilla/5.0 (Windows NT 10.0; Win64; x64) AppleWebKit/537.36 (KHTML, like Gecko) Chrome/63.0.3239.132 Safari/537.36"
10.240.1.50 - - [26/Feb/2018:07:29:45 +0000] "GET /phpmyadmin/db_structure.php?server=1&db=c9&token=94fba385e955da3710b96e226e59b90e&ajax_request=true&ajax_page_request=true&menuHashes=a3a25ef5-7c330ff9&_nocache=1519630184714621947 HTTP/1.1" 200 18568 "https://stonehill-hackaton-cryogenicplanet.c9users.io:8081/phpmyadmin/" "Mozilla/5.0 (Windows NT 10.0; Win64; x64) AppleWebKit/537.36 (KHTML, like Gecko) Chrome/63.0.3239.132 Safari/537.36"
10.240.1.50 - - [26/Feb/2018:07:29:45 +0000] "GET /phpmyadmin/navigation.php?ajax_request=1&token=94fba385e955da3710b96e226e59b90e&aPath=cm9vdA%3D%3D.Yzk%3D&vPath=cm9vdA%3D%3D.Yzk%3D&pos=0&pos2_name=&pos2_value=&searchClause=&searchClause2=&_nocache=1519630186402722815 HTTP/1.1" 200 3340 "https://stonehill-hackaton-cryogenicplanet.c9users.io:8081/phpmyadmin/" "Mozilla/5.0 (Windows NT 10.0; Win64; x64) AppleWebKit/537.36 (KHTML, like Gecko) Chrome/63.0.3239.132 Safari/537.36"
10.240.1.65 - - [26/Feb/2018:07:29:48 +0000] "GET /phpmyadmin/sql.php?db=c9&token=94fba385e955da3710b96e226e59b90e&goto=db_structure.php&table=Settings&pos=0&ajax_request=true&ajax_page_request=true&menuHashes=a3a25ef5-7c330ff9-42f6fdd5&_nocache=1519630188859887237 HTTP/1.1" 200 10816 "https://stonehill-hackaton-cryogenicplanet.c9users.io:8081/phpmyadmin/" "Mozilla/5.0 (Windows NT 10.0; Win64; x64) AppleWebKit/537.36 (KHTML, like Gecko) Chrome/63.0.3239.132 Safari/537.36"
10.240.0.64 - - [26/Feb/2018:07:29:49 +0000] "GET /phpmyadmin/js/get_scripts.js.php?scripts[]=tbl_structure.js&scripts[]=gis_data_editor.js HTTP/1.1" 200 31753 "https://stonehill-hackaton-cryogenicplanet.c9users.io:8081/phpmyadmin/" "Mozilla/5.0 (Windows NT 10.0; Win64; x64) AppleWebKit/537.36 (KHTML, like Gecko) Chrome/63.0.3239.132 Safari/537.36"
10.240.0.25 - - [26/Feb/2018:07:29:50 +0000] "GET /phpmyadmin/index.php?ajax_request=1&recent_table=1&token=94fba385e955da3710b96e226e59b90e HTTP/1.1" 200 782 "https://stonehill-hackaton-cryogenicplanet.c9users.io:8081/phpmyadmin/" "Mozilla/5.0 (Windows NT 10.0; Win64; x64) AppleWebKit/537.36 (KHTML, like Gecko) Chrome/63.0.3239.132 Safari/537.36"
10.240.1.20 - - [26/Feb/2018:07:29:55 +0000] "GET /phpmyadmin/url.php?url=http%3A%2F%2Fdev.mysql.com%2Fdoc%2Frefman%2F5.5%2Fen%2Fselect.html&token=94fba385e955da3710b96e226e59b90e HTTP/1.1" 302 431 "https://stonehill-hackaton-cryogenicplanet.c9users.io:8081/phpmyadmin/" "Mozilla/5.0 (Windows NT 10.0; Win64; x64) AppleWebKit/537.36 (KHTML, like Gecko) Chrome/63.0.3239.132 Safari/537.36"
10.240.1.50 - - [26/Feb/2018:07:29:58 +0000] "GET /phpmyadmin/tbl_change.php?db=c9&table=Settings&token=94fba385e955da3710b96e226e59b90e&ajax_request=true&ajax_page_request=true&menuHashes=a3a25ef5-7c330ff9-42f6fdd5-82162c0f&_nocache=151963019872742667 HTTP/1.1" 200 51937 "https://stonehill-hackaton-cryogenicplanet.c9users.io:8081/phpmyadmin/" "Mozilla/5.0 (Windows NT 10.0; Win64; x64) AppleWebKit/537.36 (KHTML, like Gecko) Chrome/63.0.3239.132 Safari/537.36"
10.240.1.20 - - [26/Feb/2018:07:29:59 +0000] "GET /phpmyadmin/index.php?ajax_request=1&recent_table=1&token=94fba385e955da3710b96e226e59b90e HTTP/1.1" 200 782 "https://stonehill-hackaton-cryogenicplanet.c9users.io:8081/phpmyadmin/" "Mozilla/5.0 (Windows NT 10.0; Win64; x64) AppleWebKit/537.36 (KHTML, like Gecko) Chrome/63.0.3239.132 Safari/537.36"
10.240.0.64 - - [26/Feb/2018:07:31:05 +0000] "GET /phpmyadmin/sql.php?server=1&db=c9&table=Switchs&pos=0&token=9e49c60cae0582cd16e74e4ad596152f&ajax_request=true&ajax_page_request=true&menuHashes=0ce813f1-2d70607b-50f2cb7a-57fba89f-588a8b4c-cec110dd-c4eb9176&_nocache=1519630264133119061 HTTP/1.1" 200 813 "https://stonehill-hackaton.cryogenicplanet.c9users.io:8081/phpmyadmin/index.php?token=9e49c60cae0582cd16e74e4ad596152f" "Mozilla/5.0 (Windows NT 10.0; Win64; x64) AppleWebKit/537.36 (KHTML, like Gecko) Chrome/64.0.3282.186 Safari/537.36"
10.240.1.30 - - [26/Feb/2018:07:31:07 +0000] "GET /phpmyadmin/index.php?token=9e49c60cae0582cd16e74e4ad596152f HTTP/1.1" 200 3550 "https://stonehill-hackaton.cryogenicplanet.c9users.io:8081/phpmyadmin/index.php?token=9e49c60cae0582cd16e74e4ad596152f" "Mozilla/5.0 (Windows NT 10.0; Win64; x64) AppleWebKit/537.36 (KHTML, like Gecko) Chrome/64.0.3282.186 Safari/537.36"
10.240.1.30 - - [26/Feb/2018:07:31:07 +0000] "GET /phpmyadmin/phpmyadmin.css.php?server=1&token=9e49c60cae0582cd16e74e4ad596152f&nocache=4291981622ltr HTTP/1.1" 200 17609 "https://stonehill-hackaton.cryogenicplanet.c9users.io:8081/phpmyadmin/index.php?token=9e49c60cae0582cd16e74e4ad596152f" "Mozilla/5.0 (Windows NT 10.0; Win64; x64) AppleWebKit/537.36 (KHTML, like Gecko) Chrome/64.0.3282.186 Safari/537.36"
10.240.0.25 - - [26/Feb/2018:07:31:08 +0000] "GET /phpmyadmin/themes/pmahomme/jquery/jquery-ui-1.9.2.custom.css HTTP/1.1" 200 6514 "https://stonehill-hackaton.cryogenicplanet.c9users.io:8081/phpmyadmin/index.php?token=9e49c60cae0582cd16e74e4ad596152f" "Mozilla/5.0 (Windows NT 10.0; Win64; x64) AppleWebKit/537.36 (KHTML, like Gecko) Chrome/64.0.3282.186 Safari/537.36"
10.240.0.25 - - [26/Feb/2018:07:31:09 +0000] "GET /phpmyadmin/sql.php?db=c9&table=Switchs&server=1&target=&token=9e49c60cae0582cd16e74e4ad596152f HTTP/1.1" 200 3575 "https://stonehill-hackaton.cryogenicplanet.c9users.io:8081/phpmyadmin/index.php?token=9e49c60cae0582cd16e74e4ad596152f" "Mozilla/5.0 (Windows NT 10.0; Win64; x64) AppleWebKit/537.36 (KHTML, like Gecko) Chrome/64.0.3282.186 Safari/537.36"
10.240.1.65 - - [26/Feb/2018:07:31:09 +0000] "GET /phpmyadmin/themes/pmahomme/img/logo_right.png HTTP/1.1" 200 4578 "https://stonehill-hackaton.cryogenicplanet.c9users.io:8081/phpmyadmin/index.php?token=9e49c60cae0582cd16e74e4ad596152f" "Mozilla/5.0 (Windows NT 10.0; Win64; x64) AppleWebKit/537.36 (KHTML, like Gecko) Chrome/64.0.3282.186 Safari/537.36"
10.240.0.25 - - [26/Feb/2018:07:31:09 +0000] "GET /phpmyadmin/js/messages.php?lang=en&db=c9&token=9e49c60cae0582cd16e74e4ad596152f HTTP/1.1" 200 17209 "https://stonehill-hackaton.cryogenicplanet.c9users.io:8081/phpmyadmin/sql.php?db=c9&table=Switchs&server=1&target=&token=9e49c60cae0582cd16e74e4ad596152f" "Mozilla/5.0 (Windows NT 10.0; Win64; x64) AppleWebKit/537.36 (KHTML, like Gecko) Chrome/64.0.3282.186 Safari/537.36"
10.240.1.65 - - [26/Feb/2018:07:31:09 +0000] "GET /phpmyadmin/sql.php?server=1&db=c9&table=Users&pos=0&token=94fba385e955da3710b96e226e59b90e&ajax_request=true&ajax_page_request=true&menuHashes=a3a25ef5-7c330ff9-42f6fdd5-82162c0f-5508ef5f&_nocache=1519630269152593851 HTTP/1.1" 200 21770 "https://stonehill-hackaton-cryogenicplanet.c9users.io:8081/phpmyadmin/" "Mozilla/5.0 (Windows NT 10.0; Win64; x64) AppleWebKit/537.36 (KHTML, like Gecko) Chrome/63.0.3239.132 Safari/537.36"
10.240.0.64 - - [26/Feb/2018:07:31:10 +0000] "GET /phpmyadmin/themes/pmahomme/img/logo_right.png HTTP/1.1" 200 4578 "https://stonehill-hackaton.cryogenicplanet.c9users.io:8081/phpmyadmin/sql.php?db=c9&table=Switchs&server=1&target=&token=9e49c60cae0582cd16e74e4ad596152f" "Mozilla/5.0 (Windows NT 10.0; Win64; x64) AppleWebKit/537.36 (KHTML, like Gecko) Chrome/64.0.3282.186 Safari/537.36"
10.240.1.65 - - [26/Feb/2018:07:31:10 +0000] "GET /phpmyadmin/js/get_scripts.js.php?scripts[]=makegrid.js&scripts[]=sql.js HTTP/1.1" 200 93670 "https://stonehill-hackaton-cryogenicplanet.c9users.io:8081/phpmyadmin/" "Mozilla/5.0 (Windows NT 10.0; Win64; x64) AppleWebKit/537.36 (KHTML, like Gecko) Chrome/63.0.3239.132 Safari/537.36"
10.240.1.65 - - [26/Feb/2018:07:31:11 +0000] "GET /phpmyadmin/themes/pmahomme/img/col_pointer.png HTTP/1.1" 200 396 "https://stonehill-hackaton-cryogenicplanet.c9users.io:8081/phpmyadmin/phpmyadmin.css.php?server=1&token=94fba385e955da3710b96e226e59b90e&nocache=5811611269ltr" "Mozilla/5.0 (Windows NT 10.0; Win64; x64) AppleWebKit/537.36 (KHTML, like Gecko) Chrome/63.0.3239.132 Safari/537.36"
10.240.0.64 - - [26/Feb/2018:07:31:11 +0000] "POST /phpmyadmin/index.php HTTP/1.1" 302 625 "https://stonehill-hackaton.cryogenicplanet.c9users.io:8081/phpmyadmin/sql.php?db=c9&table=Switchs&server=1&target=&token=9e49c60cae0582cd16e74e4ad596152f" "Mozilla/5.0 (Windows NT 10.0; Win64; x64) AppleWebKit/537.36 (KHTML, like Gecko) Chrome/64.0.3282.186 Safari/537.36"
10.240.1.65 - - [26/Feb/2018:07:31:11 +0000] "GET /phpmyadmin/themes/pmahomme/img/col_drop.png HTTP/1.1" 200 415 "https://stonehill-hackaton-cryogenicplanet.c9users.io:8081/phpmyadmin/phpmyadmin.css.php?server=1&token=94fba385e955da3710b96e226e59b90e&nocache=5811611269ltr" "Mozilla/5.0 (Windows NT 10.0; Win64; x64) AppleWebKit/537.36 (KHTML, like Gecko) Chrome/63.0.3239.132 Safari/537.36"
10.240.0.64 - - [26/Feb/2018:07:31:12 +0000] "GET /phpmyadmin/index.php?db=c9&table=Switchs&target=sql.php&token=9e49c60cae0582cd16e74e4ad596152f HTTP/1.1" 200 7516 "https://stonehill-hackaton.cryogenicplanet.c9users.io:8081/phpmyadmin/sql.php?db=c9&table=Switchs&server=1&target=&token=9e49c60cae0582cd16e74e4ad596152f" "Mozilla/5.0 (Windows NT 10.0; Win64; x64) AppleWebKit/537.36 (KHTML, like Gecko) Chrome/64.0.3282.186 Safari/537.36"
10.240.1.191 - - [26/Feb/2018:07:31:12 +0000] "GET /phpmyadmin/index.php?ajax_request=1&recent_table=1&token=94fba385e955da3710b96e226e59b90e HTTP/1.1" 200 782 "https://stonehill-hackaton-cryogenicplanet.c9users.io:8081/phpmyadmin/" "Mozilla/5.0 (Windows NT 10.0; Win64; x64) AppleWebKit/537.36 (KHTML, like Gecko) Chrome/63.0.3239.132 Safari/537.36"
10.240.0.64 - - [26/Feb/2018:07:31:12 +0000] "GET /phpmyadmin/phpmyadmin.css.php?server=1&token=9e49c60cae0582cd16e74e4ad596152f&nocache=5811609567ltr HTTP/1.1" 200 17609 "https://stonehill-hackaton.cryogenicplanet.c9users.io:8081/phpmyadmin/index.php?db=c9&table=Switchs&target=sql.php&token=9e49c60cae0582cd16e74e4ad596152f" "Mozilla/5.0 (Windows NT 10.0; Win64; x64) AppleWebKit/537.36 (KHTML, like Gecko) Chrome/64.0.3282.186 Safari/537.36"
10.240.1.50 - - [26/Feb/2018:07:31:13 +0000] "GET /phpmyadmin/js/get_scripts.js.php?scripts[]=jquery/jquery-1.8.3.min.js&scripts[]=ajax.js&scripts[]=keyhandler.js&scripts[]=jquery/jquery-ui-1.9.2.custom.min.js&scripts[]=jquery/jquery.sprintf.js&scripts[]=jquery/jquery.cookie.js&scripts[]=jquery/jquery.mousewheel.js&scripts[]=jquery/jquery.event.drag-2.2.js&scripts[]=jquery/jquery-ui-timepicker-addon.js&scripts[]=jquery/jquery.ba-hashchange-1.3.js&scripts[]=jquery/jquery.debounce-1.0.5.js&scripts[]=jquery/jquery.menuResizer-1.0.js&scripts[]=rte.js&scripts[]=functions.js&scripts[]=navigation.js&scripts[]=indexes.js&scripts[]=common.js&scripts[]=tbl_change.js&scripts[]=tbl_structure.js&scripts[]=gis_data_editor.js&scripts[]=makegrid.js&scripts[]=sql.js&scripts[]=codemirror/lib/codemirror.js&scripts[]=codemirror/mode/mysql/mysql.js HTTP/1.1" 200 963813 "https://stonehill-hackaton.cryogenicplanet.c9users.io:8081/phpmyadmin/index.php?db=c9&table=Switchs&target=sql.php&token=9e49c60cae0582cd16e74e4ad596152f" "Mozilla/5.0 (Windows NT 10.0; Win64; x64) AppleWebKit/537.36 (KHTML, like Gecko) Chrome/64.0.3282.186 Safari/537.36"
10.240.0.25 - - [26/Feb/2018:07:31:14 +0000] "GET /phpmyadmin/tbl_change.php?db=c9&table=Users&token=94fba385e955da3710b96e226e59b90e&ajax_request=true&ajax_page_request=true&menuHashes=a3a25ef5-7c330ff9-42f6fdd5-82162c0f-5508ef5f-117e1200&_nocache=1519630274548414317 HTTP/1.1" 200 24061 "https://stonehill-hackaton-cryogenicplanet.c9users.io:8081/phpmyadmin/" "Mozilla/5.0 (Windows NT 10.0; Win64; x64) AppleWebKit/537.36 (KHTML, like Gecko) Chrome/63.0.3239.132 Safari/537.36"
10.240.1.50 - - [26/Feb/2018:07:31:16 +0000] "GET /phpmyadmin/index.php?ajax_request=1&recent_table=1&token=94fba385e955da3710b96e226e59b90e HTTP/1.1" 200 782 "https://stonehill-hackaton-cryogenicplanet.c9users.io:8081/phpmyadmin/" "Mozilla/5.0 (Windows NT 10.0; Win64; x64) AppleWebKit/537.36 (KHTML, like Gecko) Chrome/63.0.3239.132 Safari/537.36"
10.240.1.50 - - [26/Feb/2018:07:31:19 +0000] "GET /phpmyadmin/index.php?ajax_request=1&recent_table=1&token=9e49c60cae0582cd16e74e4ad596152f HTTP/1.1" 200 782 "https://stonehill-hackaton.cryogenicplanet.c9users.io:8081/phpmyadmin/index.php?db=c9&table=Switchs&target=sql.php&token=9e49c60cae0582cd16e74e4ad596152f" "Mozilla/5.0 (Windows NT 10.0; Win64; x64) AppleWebKit/537.36 (KHTML, like Gecko) Chrome/64.0.3282.186 Safari/537.36"
10.240.1.191 - - [26/Feb/2018:07:31:20 +0000] "GET /phpmyadmin/navigation.php?ajax_request=1&token=9e49c60cae0582cd16e74e4ad596152f&aPath=cm9vdA%3D%3D.Yzk%3D&vPath=cm9vdA%3D%3D.Yzk%3D&pos=0&pos2_name=&pos2_value=&searchClause=&searchClause2=&_nocache=1519630279313777738 HTTP/1.1" 200 3340 "https://stonehill-hackaton.cryogenicplanet.c9users.io:8081/phpmyadmin/index.php?db=c9&table=Switchs&target=sql.php&token=9e49c60cae0582cd16e74e4ad596152f" "Mozilla/5.0 (Windows NT 10.0; Win64; x64) AppleWebKit/537.36 (KHTML, like Gecko) Chrome/64.0.3282.186 Safari/537.36"
10.240.1.50 - - [26/Feb/2018:07:31:27 +0000] "POST /phpmyadmin/tbl_replace.php HTTP/1.1" 200 12596 "https://stonehill-hackaton-cryogenicplanet.c9users.io:8081/phpmyadmin/" "Mozilla/5.0 (Windows NT 10.0; Win64; x64) AppleWebKit/537.36 (KHTML, like Gecko) Chrome/63.0.3239.132 Safari/537.36"
10.240.1.50 - - [26/Feb/2018:07:31:28 +0000] "GET /phpmyadmin/index.php?ajax_request=1&recent_table=1&token=94fba385e955da3710b96e226e59b90e HTTP/1.1" 200 782 "https://stonehill-hackaton-cryogenicplanet.c9users.io:8081/phpmyadmin/" "Mozilla/5.0 (Windows NT 10.0; Win64; x64) AppleWebKit/537.36 (KHTML, like Gecko) Chrome/63.0.3239.132 Safari/537.36"
10.240.1.20 - - [26/Feb/2018:07:31:31 +0000] "GET /phpmyadmin/tbl_change.php?db=c9&table=Users&token=94fba385e955da3710b96e226e59b90e&ajax_request=true&ajax_page_request=true&menuHashes=7c330ff9-42f6fdd5-82162c0f-5508ef5f-117e1200-719bf67c-ab01af3f&_nocache=1519630291838994417 HTTP/1.1" 200 20862 "https://stonehill-hackaton-cryogenicplanet.c9users.io:8081/phpmyadmin/" "Mozilla/5.0 (Windows NT 10.0; Win64; x64) AppleWebKit/537.36 (KHTML, like Gecko) Chrome/63.0.3239.132 Safari/537.36"
10.240.1.20 - - [26/Feb/2018:07:31:32 +0000] "GET /phpmyadmin/index.php?ajax_request=1&recent_table=1&token=94fba385e955da3710b96e226e59b90e HTTP/1.1" 200 782 "https://stonehill-hackaton-cryogenicplanet.c9users.io:8081/phpmyadmin/" "Mozilla/5.0 (Windows NT 10.0; Win64; x64) AppleWebKit/537.36 (KHTML, like Gecko) Chrome/63.0.3239.132 Safari/537.36"
10.240.1.50 - - [26/Feb/2018:07:31:37 +0000] "POST /phpmyadmin/tbl_replace.php HTTP/1.1" 200 9381 "https://stonehill-hackaton-cryogenicplanet.c9users.io:8081/phpmyadmin/" "Mozilla/5.0 (Windows NT 10.0; Win64; x64) AppleWebKit/537.36 (KHTML, like Gecko) Chrome/63.0.3239.132 Safari/537.36"
