10.240.1.50 - - [26/Feb/2018:07:31:37 +0000] "GET /phpmyadmin/index.php?ajax_request=1&recent_table=1&token=94fba385e955da3710b96e226e59b90e HTTP/1.1" 200 782 "https://stonehill-hackaton-cryogenicplanet.c9users.io:8081/phpmyadmin/" "Mozilla/5.0 (Windows NT 10.0; Win64; x64) AppleWebKit/537.36 (KHTML, like Gecko) Chrome/63.0.3239.132 Safari/537.36"
10.240.1.20 - - [26/Feb/2018:07:31:39 +0000] "GET /phpmyadmin/sql.php?server=1&db=c9&table=Settings&pos=0&token=94fba385e955da3710b96e226e59b90e&ajax_request=true&ajax_page_request=true&menuHashes=7c330ff9-42f6fdd5-82162c0f-5508ef5f-117e1200-719bf67c-ab01af3f&_nocache=1519630299950152974 HTTP/1.1" 200 7564 "https://stonehill-hackaton-cryogenicplanet.c9users.io:8081/phpmyadmin/" "Mozilla/5.0 (Windows NT 10.0; Win64; x64) AppleWebKit/537.36 (KHTML, like Gecko) Chrome/63.0.3239.132 Safari/537.36"
10.240.1.50 - - [26/Feb/2018:07:31:39 +0000] "GET /phpmyadmin/index.php?ajax_request=1&recent_table=1&token=94fba385e955da3710b96e226e59b90e HTTP/1.1" 200 782 "https://stonehill-hackaton-cryogenicplanet.c9users.io:8081/phpmyadmin/" "Mozilla/5.0 (Windows NT 10.0; Win64; x64) AppleWebKit/537.36 (KHTML, like Gecko) Chrome/63.0.3239.132 Safari/537.36"
10.240.1.30 - - [26/Feb/2018:07:31:42 +0000] "GET /phpmyadmin/tbl_change.php?db=c9&table=Settings&token=94fba385e955da3710b96e226e59b90e&ajax_request=true&ajax_page_request=true&menuHashes=7c330ff9-42f6fdd5-82162c0f-5508ef5f-117e1200-719bf67c-ab01af3f&_nocache=1519630302214573316 HTTP/1.1" 200 48702 "https://stonehill-hackaton-cryogenicplanet.c9users.io:8081/phpmyadmin/" "Mozilla/5.0 (Windows NT 10.0; Win64; x64) AppleWebKit/537.36 (KHTML, like Gecko) Chrome/63.0.3239.132 Safari/537.36"
10.240.1.20 - - [26/Feb/2018:07:31:43 +0000] "GET /phpmyadmin/index.php?ajax_request=1&recent_table=1&token=94fba385e955da3710b96e226e59b90e HTTP/1.1" 200 782 "https://stonehill-hackaton-cryogenicplanet.c9users.io:8081/phpmyadmin/" "Mozilla/5.0 (Windows NT 10.0; Win64; x64) AppleWebKit/537.36 (KHTML, like Gecko) Chrome/63.0.3239.132 Safari/537.36"
10.240.1.20 - - [26/Feb/2018:07:32:08 +0000] "GET /phpmyadmin/sql.php?server=1&db=c9&table=Users&pos=0&token=94fba385e955da3710b96e226e59b90e&ajax_request=true&ajax_page_request=true&menuHashes=7c330ff9-42f6fdd5-82162c0f-5508ef5f-117e1200-719bf67c-ab01af3f&_nocache=1519630328235677450 HTTP/1.1" 200 24042 "https://stonehill-hackaton-cryogenicplanet.c9users.io:8081/phpmyadmin/" "Mozilla/5.0 (Windows NT 10.0; Win64; x64) AppleWebKit/537.36 (KHTML, like Gecko) Chrome/63.0.3239.132 Safari/537.36"
10.240.1.30 - - [26/Feb/2018:07:32:09 +0000] "GET /phpmyadmin/index.php?ajax_request=1&recent_table=1&token=94fba385e955da3710b96e226e59b90e HTTP/1.1" 200 782 "https://stonehill-hackaton-cryogenicplanet.c9users.io:8081/phpmyadmin/" "Mozilla/5.0 (Windows NT 10.0; Win64; x64) AppleWebKit/537.36 (KHTML, like Gecko) Chrome/63.0.3239.132 Safari/537.36"
10.240.1.20 - - [26/Feb/2018:07:32:13 +0000] "GET /phpmyadmin/sql.php?server=1&db=c9&table=Settings&pos=0&token=94fba385e955da3710b96e226e59b90e&ajax_request=true&ajax_page_request=true&menuHashes=7c330ff9-42f6fdd5-82162c0f-5508ef5f-117e1200-719bf67c-ab01af3f&_nocache=151963033407635821 HTTP/1.1" 200 7564 "https://stonehill-hackaton-cryogenicplanet.c9users.io:8081/phpmyadmin/" "Mozilla/5.0 (Windows NT 10.0; Win64; x64) AppleWebKit/537.36 (KHTML, like Gecko) Chrome/63.0.3239.132 Safari/537.36"
10.240.1.50 - - [26/Feb/2018:07:32:13 +0000] "GET /phpmyadmin/index.php?ajax_request=1&recent_table=1&token=94fba385e955da3710b96e226e59b90e HTTP/1.1" 200 782 "https://stonehill-hackaton-cryogenicplanet.c9users.io:8081/phpmyadmin/" "Mozilla/5.0 (Windows NT 10.0; Win64; x64) AppleWebKit/537.36 (KHTML, like Gecko) Chrome/63.0.3239.132 Safari/537.36"
10.240.1.20 - - [26/Feb/2018:07:32:14 +0000] "GET /phpmyadmin/sql.php?server=1&db=c9&table=Switchs&pos=0&token=94fba385e955da3710b96e226e59b90e&ajax_request=true&ajax_page_request=true&menuHashes=7c330ff9-42f6fdd5-82162c0f-5508ef5f-117e1200-719bf67c-ab01af3f&_nocache=1519630335144120200 HTTP/1.1" 200 36280 "https://stonehill-hackaton-cryogenicplanet.c9users.io:8081/phpmyadmin/" "Mozilla/5.0 (Windows NT 10.0; Win64; x64) AppleWebKit/537.36 (KHTML, like Gecko) Chrome/63.0.3239.132 Safari/537.36"
10.240.1.20 - - [26/Feb/2018:07:32:15 +0000] "GET /phpmyadmin/index.php?ajax_request=1&recent_table=1&token=94fba385e955da3710b96e226e59b90e HTTP/1.1" 200 782 "https://stonehill-hackaton-cryogenicplanet.c9users.io:8081/phpmyadmin/" "Mozilla/5.0 (Windows NT 10.0; Win64; x64) AppleWebKit/537.36 (KHTML, like Gecko) Chrome/63.0.3239.132 Safari/537.36"
10.240.1.191 - - [26/Feb/2018:07:32:21 +0000] "GET /phpmyadmin/sql.php?server=1&db=c9&table=Settings&pos=0&token=94fba385e955da3710b96e226e59b90e&ajax_request=true&ajax_page_request=true&menuHashes=42f6fdd5-82162c0f-5508ef5f-117e1200-719bf67c-ab01af3f-40838f3f&_nocache=1519630340999164182 HTTP/1.1" 200 7564 "https://stonehill-hackaton-cryogenicplanet.c9users.io:8081/phpmyadmin/" "Mozilla/5.0 (Windows NT 10.0; Win64; x64) AppleWebKit/537.36 (KHTML, like Gecko) Chrome/63.0.3239.132 Safari/537.36"
10.240.1.191 - - [26/Feb/2018:07:32:22 +0000] "GET /phpmyadmin/index.php?ajax_request=1&recent_table=1&token=94fba385e955da3710b96e226e59b90e HTTP/1.1" 200 782 "https://stonehill-hackaton-cryogenicplanet.c9users.io:8081/phpmyadmin/" "Mozilla/5.0 (Windows NT 10.0; Win64; x64) AppleWebKit/537.36 (KHTML, like Gecko) Chrome/63.0.3239.132 Safari/537.36"
10.240.0.25 - - [26/Feb/2018:07:32:30 +0000] "GET /phpmyadmin/tbl_change.php?db=c9&table=Settings&token=94fba385e955da3710b96e226e59b90e&ajax_request=true&ajax_page_request=true&menuHashes=42f6fdd5-82162c0f-5508ef5f-117e1200-719bf67c-ab01af3f-40838f3f&_nocache=1519630350603705987 HTTP/1.1" 200 48702 "https://stonehill-hackaton-cryogenicplanet.c9users.io:8081/phpmyadmin/" "Mozilla/5.0 (Windows NT 10.0; Win64; x64) AppleWebKit/537.36 (KHTML, like Gecko) Chrome/63.0.3239.132 Safari/537.36"
10.240.0.64 - - [26/Feb/2018:07:32:32 +0000] "GET /phpmyadmin/index.php?ajax_request=1&recent_table=1&token=94fba385e955da3710b96e226e59b90e HTTP/1.1" 200 782 "https://stonehill-hackaton-cryogenicplanet.c9users.io:8081/phpmyadmin/" "Mozilla/5.0 (Windows NT 10.0; Win64; x64) AppleWebKit/537.36 (KHTML, like Gecko) Chrome/63.0.3239.132 Safari/537.36"
10.240.0.25 - - [26/Feb/2018:07:33:33 +0000] "POST /phpmyadmin/tbl_replace.php HTTP/1.1" 200 15563 "https://stonehill-hackaton-cryogenicplanet.c9users.io:8081/phpmyadmin/" "Mozilla/5.0 (Windows NT 10.0; Win64; x64) AppleWebKit/537.36 (KHTML, like Gecko) Chrome/63.0.3239.132 Safari/537.36"
10.240.1.191 - - [26/Feb/2018:07:33:34 +0000] "GET /phpmyadmin/index.php?ajax_request=1&recent_table=1&token=94fba385e955da3710b96e226e59b90e HTTP/1.1" 200 782 "https://stonehill-hackaton-cryogenicplanet.c9users.io:8081/phpmyadmin/" "Mozilla/5.0 (Windows NT 10.0; Win64; x64) AppleWebKit/537.36 (KHTML, like Gecko) Chrome/63.0.3239.132 Safari/537.36"
10.240.0.25 - - [26/Feb/2018:07:33:37 +0000] "GET /phpmyadmin/tbl_change.php?db=c9&table=Settings&token=94fba385e955da3710b96e226e59b90e&ajax_request=true&ajax_page_request=true&menuHashes=82162c0f-5508ef5f-117e1200-719bf67c-ab01af3f-40838f3f-3fd868af&_nocache=1519630417955171138 HTTP/1.1" 200 48702 "https://stonehill-hackaton-cryogenicplanet.c9users.io:8081/phpmyadmin/" "Mozilla/5.0 (Windows NT 10.0; Win64; x64) AppleWebKit/537.36 (KHTML, like Gecko) Chrome/63.0.3239.132 Safari/537.36"
10.240.0.25 - - [26/Feb/2018:07:33:38 +0000] "GET /phpmyadmin/index.php?ajax_request=1&recent_table=1&token=94fba385e955da3710b96e226e59b90e HTTP/1.1" 200 782 "https://stonehill-hackaton-cryogenicplanet.c9users.io:8081/phpmyadmin/" "Mozilla/5.0 (Windows NT 10.0; Win64; x64) AppleWebKit/537.36 (KHTML, like Gecko) Chrome/63.0.3239.132 Safari/537.36"
10.240.1.30 - - [26/Feb/2018:07:33:51 +0000] "POST /phpmyadmin/tbl_replace.php HTTP/1.1" 200 11055 "https://stonehill-hackaton-cryogenicplanet.c9users.io:8081/phpmyadmin/" "Mozilla/5.0 (Windows NT 10.0; Win64; x64) AppleWebKit/537.36 (KHTML, like Gecko) Chrome/63.0.3239.132 Safari/537.36"
10.240.0.25 - - [26/Feb/2018:07:33:51 +0000] "GET /phpmyadmin/index.php?ajax_request=1&recent_table=1&token=94fba385e955da3710b96e226e59b90e HTTP/1.1" 200 782 "https://stonehill-hackaton-cryogenicplanet.c9users.io:8081/phpmyadmin/" "Mozilla/5.0 (Windows NT 10.0; Win64; x64) AppleWebKit/537.36 (KHTML, like Gecko) Chrome/63.0.3239.132 Safari/537.36"
10.240.0.64 - - [26/Feb/2018:07:33:54 +0000] "GET /phpmyadmin/tbl_change.php?db=c9&table=Settings&token=94fba385e955da3710b96e226e59b90e&ajax_request=true&ajax_page_request=true&menuHashes=82162c0f-5508ef5f-117e1200-719bf67c-ab01af3f-40838f3f-3fd868af&_nocache=1519630434199193291 HTTP/1.1" 200 48702 "https://stonehill-hackaton-cryogenicplanet.c9users.io:8081/phpmyadmin/" "Mozilla/5.0 (Windows NT 10.0; Win64; x64) AppleWebKit/537.36 (KHTML, like Gecko) Chrome/63.0.3239.132 Safari/537.36"
10.240.1.30 - - [26/Feb/2018:07:33:55 +0000] "GET /phpmyadmin/index.php?ajax_request=1&recent_table=1&token=94fba385e955da3710b96e226e59b90e HTTP/1.1" 200 782 "https://stonehill-hackaton-cryogenicplanet.c9users.io:8081/phpmyadmin/" "Mozilla/5.0 (Windows NT 10.0; Win64; x64) AppleWebKit/537.36 (KHTML, like Gecko) Chrome/63.0.3239.132 Safari/537.36"
10.240.1.30 - - [26/Feb/2018:07:34:21 +0000] "POST /phpmyadmin/tbl_replace.php HTTP/1.1" 200 12328 "https://stonehill-hackaton-cryogenicplanet.c9users.io:8081/phpmyadmin/" "Mozilla/5.0 (Windows NT 10.0; Win64; x64) AppleWebKit/537.36 (KHTML, like Gecko) Chrome/63.0.3239.132 Safari/537.36"
10.240.0.64 - - [26/Feb/2018:07:34:22 +0000] "GET /phpmyadmin/index.php?ajax_request=1&recent_table=1&token=94fba385e955da3710b96e226e59b90e HTTP/1.1" 200 782 "https://stonehill-hackaton-cryogenicplanet.c9users.io:8081/phpmyadmin/" "Mozilla/5.0 (Windows NT 10.0; Win64; x64) AppleWebKit/537.36 (KHTML, like Gecko) Chrome/63.0.3239.132 Safari/537.36"
10.240.1.30 - - [26/Feb/2018:07:34:24 +0000] "GET /phpmyadmin/sql.php?db=c9&table=Settings&token=94fba385e955da3710b96e226e59b90e&pos=0&ajax_request=true&ajax_page_request=true&menuHashes=82162c0f-5508ef5f-117e1200-719bf67c-ab01af3f-40838f3f-3fd868af&_nocache=1519630464521987868 HTTP/1.1" 200 18288 "https://stonehill-hackaton-cryogenicplanet.c9users.io:8081/phpmyadmin/" "Mozilla/5.0 (Windows NT 10.0; Win64; x64) AppleWebKit/537.36 (KHTML, like Gecko) Chrome/63.0.3239.132 Safari/537.36"
10.240.1.30 - - [26/Feb/2018:07:34:24 +0000] "GET /phpmyadmin/index.php?ajax_request=1&recent_table=1&token=94fba385e955da3710b96e226e59b90e HTTP/1.1" 200 782 "https://stonehill-hackaton-cryogenicplanet.c9users.io:8081/phpmyadmin/" "Mozilla/5.0 (Windows NT 10.0; Win64; x64) AppleWebKit/537.36 (KHTML, like Gecko) Chrome/63.0.3239.132 Safari/537.36"
10.240.0.64 - - [26/Feb/2018:07:34:44 +0000] "GET /phpmyadmin/tbl_change.php?db=c9&table=Settings&token=94fba385e955da3710b96e226e59b90e&ajax_request=true&ajax_page_request=true&menuHashes=82162c0f-5508ef5f-117e1200-719bf67c-ab01af3f-40838f3f-3fd868af&_nocache=1519630484049817297 HTTP/1.1" 200 48702 "https://stonehill-hackaton-cryogenicplanet.c9users.io:8081/phpmyadmin/" "Mozilla/5.0 (Windows NT 10.0; Win64; x64) AppleWebKit/537.36 (KHTML, like Gecko) Chrome/63.0.3239.132 Safari/537.36"
10.240.1.30 - - [26/Feb/2018:07:34:45 +0000] "GET /phpmyadmin/index.php?ajax_request=1&recent_table=1&token=94fba385e955da3710b96e226e59b90e HTTP/1.1" 200 782 "https://stonehill-hackaton-cryogenicplanet.c9users.io:8081/phpmyadmin/" "Mozilla/5.0 (Windows NT 10.0; Win64; x64) AppleWebKit/537.36 (KHTML, like Gecko) Chrome/63.0.3239.132 Safari/537.36"
10.240.1.50 - - [26/Feb/2018:07:35:19 +0000] "POST /phpmyadmin/tbl_replace.php HTTP/1.1" 200 12328 "https://stonehill-hackaton-cryogenicplanet.c9users.io:8081/phpmyadmin/" "Mozilla/5.0 (Windows NT 10.0; Win64; x64) AppleWebKit/537.36 (KHTML, like Gecko) Chrome/63.0.3239.132 Safari/537.36"
10.240.1.30 - - [26/Feb/2018:07:35:20 +0000] "GET /phpmyadmin/index.php?ajax_request=1&recent_table=1&token=94fba385e955da3710b96e226e59b90e HTTP/1.1" 200 782 "https://stonehill-hackaton-cryogenicplanet.c9users.io:8081/phpmyadmin/" "Mozilla/5.0 (Windows NT 10.0; Win64; x64) AppleWebKit/537.36 (KHTML, like Gecko) Chrome/63.0.3239.132 Safari/537.36"
10.240.1.30 - - [26/Feb/2018:07:35:21 +0000] "GET /phpmyadmin/tbl_change.php?db=c9&table=Settings&token=94fba385e955da3710b96e226e59b90e&ajax_request=true&ajax_page_request=true&menuHashes=82162c0f-5508ef5f-117e1200-719bf67c-ab01af3f-40838f3f-3fd868af&_nocache=1519630522414753915 HTTP/1.1" 200 48702 "https://stonehill-hackaton-cryogenicplanet.c9users.io:8081/phpmyadmin/" "Mozilla/5.0 (Windows NT 10.0; Win64; x64) AppleWebKit/537.36 (KHTML, like Gecko) Chrome/63.0.3239.132 Safari/537.36"
10.240.1.20 - - [26/Feb/2018:07:35:23 +0000] "GET /phpmyadmin/index.php?ajax_request=1&recent_table=1&token=94fba385e955da3710b96e226e59b90e HTTP/1.1" 200 782 "https://stonehill-hackaton-cryogenicplanet.c9users.io:8081/phpmyadmin/" "Mozilla/5.0 (Windows NT 10.0; Win64; x64) AppleWebKit/537.36 (KHTML, like Gecko) Chrome/63.0.3239.132 Safari/537.36"
10.240.0.25 - - [26/Feb/2018:07:35:44 +0000] "POST /phpmyadmin/tbl_replace.php HTTP/1.1" 200 12328 "https://stonehill-hackaton-cryogenicplanet.c9users.io:8081/phpmyadmin/" "Mozilla/5.0 (Windows NT 10.0; Win64; x64) AppleWebKit/537.36 (KHTML, like Gecko) Chrome/63.0.3239.132 Safari/537.36"
10.240.0.25 - - [26/Feb/2018:07:35:46 +0000] "GET /phpmyadmin/index.php?ajax_request=1&recent_table=1&token=94fba385e955da3710b96e226e59b90e HTTP/1.1" 200 782 "https://stonehill-hackaton-cryogenicplanet.c9users.io:8081/phpmyadmin/" "Mozilla/5.0 (Windows NT 10.0; Win64; x64) AppleWebKit/537.36 (KHTML, like Gecko) Chrome/63.0.3239.132 Safari/537.36"
10.240.0.25 - - [26/Feb/2018:07:35:46 +0000] "GET /phpmyadmin/tbl_change.php?db=c9&table=Settings&token=94fba385e955da3710b96e226e59b90e&ajax_request=true&ajax_page_request=true&menuHashes=82162c0f-5508ef5f-117e1200-719bf67c-ab01af3f-40838f3f-3fd868af&_nocache=1519630547325313504 HTTP/1.1" 200 48702 "https://stonehill-hackaton-cryogenicplanet.c9users.io:8081/phpmyadmin/" "Mozilla/5.0 (Windows NT 10.0; Win64; x64) AppleWebKit/537.36 (KHTML, like Gecko) Chrome/63.0.3239.132 Safari/537.36"
10.240.1.20 - - [26/Feb/2018:07:35:47 +0000] "GET /phpmyadmin/index.php?ajax_request=1&recent_table=1&token=94fba385e955da3710b96e226e59b90e HTTP/1.1" 200 782 "https://stonehill-hackaton-cryogenicplanet.c9users.io:8081/phpmyadmin/" "Mozilla/5.0 (Windows NT 10.0; Win64; x64) AppleWebKit/537.36 (KHTML, like Gecko) Chrome/63.0.3239.132 Safari/537.36"
10.240.1.30 - - [26/Feb/2018:07:36:17 +0000] "POST /phpmyadmin/tbl_replace.php HTTP/1.1" 200 12328 "https://stonehill-hackaton-cryogenicplanet.c9users.io:8081/phpmyadmin/" "Mozilla/5.0 (Windows NT 10.0; Win64; x64) AppleWebKit/537.36 (KHTML, like Gecko) Chrome/63.0.3239.132 Safari/537.36"
10.240.1.20 - - [26/Feb/2018:07:36:18 +0000] "GET /phpmyadmin/index.php?ajax_request=1&recent_table=1&token=94fba385e955da3710b96e226e59b90e HTTP/1.1" 200 782 "https://stonehill-hackaton-cryogenicplanet.c9users.io:8081/phpmyadmin/" "Mozilla/5.0 (Windows NT 10.0; Win64; x64) AppleWebKit/537.36 (KHTML, like Gecko) Chrome/63.0.3239.132 Safari/537.36"
10.240.1.30 - - [26/Feb/2018:07:36:21 +0000] "GET /phpmyadmin/sql.php?db=c9&table=Settings&token=94fba385e955da3710b96e226e59b90e&pos=0&ajax_request=true&ajax_page_request=true&menuHashes=82162c0f-5508ef5f-117e1200-719bf67c-ab01af3f-40838f3f-3fd868af&_nocache=1519630581289386690 HTTP/1.1" 200 20444 "https://stonehill-hackaton-cryogenicplanet.c9users.io:8081/phpmyadmin/" "Mozilla/5.0 (Windows NT 10.0; Win64; x64) AppleWebKit/537.36 (KHTML, like Gecko) Chrome/63.0.3239.132 Safari/537.36"
10.240.1.30 - - [26/Feb/2018:07:36:21 +0000] "GET /phpmyadmin/index.php?ajax_request=1&recent_table=1&token=94fba385e955da3710b96e226e59b90e HTTP/1.1" 200 782 "https://stonehill-hackaton-cryogenicplanet.c9users.io:8081/phpmyadmin/" "Mozilla/5.0 (Windows NT 10.0; Win64; x64) AppleWebKit/537.36 (KHTML, like Gecko) Chrome/63.0.3239.132 Safari/537.36"
10.240.1.50 - - [26/Feb/2018:07:36:31 +0000] "GET /phpmyadmin/querywindow.php?token=94fba385e955da3710b96e226e59b90e&server=1&db=c9&table=Settings&sql_query=SELECT%20*%20FROM%20%60Settings%60&init=1 HTTP/1.1" 200 3540 "https://stonehill-hackaton-cryogenicplanet.c9users.io:8081/phpmyadmin/" "Mozilla/5.0 (Windows NT 10.0; Win64; x64) AppleWebKit/537.36 (KHTML, like Gecko) Chrome/63.0.3239.132 Safari/537.36"
10.240.1.50 - - [26/Feb/2018:07:36:31 +0000] "GET /phpmyadmin/js/get_scripts.js.php?scripts[]=jquery/jquery-1.8.3.min.js&scripts[]=ajax.js&scripts[]=keyhandler.js&scripts[]=jquery/jquery-ui-1.9.2.custom.min.js&scripts[]=jquery/jquery.sprintf.js&scripts[]=jquery/jquery.cookie.js&scripts[]=jquery/jquery.mousewheel.js&scripts[]=jquery/jquery.event.drag-2.2.js&scripts[]=jquery/jquery-ui-timepicker-addon.js&scripts[]=jquery/jquery.ba-hashchange-1.3.js&scripts[]=jquery/jquery.debounce-1.0.5.js&scripts[]=jquery/jquery.menuResizer-1.0.js&scripts[]=rte.js&scripts[]=functions.js&scripts[]=navigation.js&scripts[]=indexes.js&scripts[]=common.js&scripts[]=querywindow.js&scripts[]=codemirror/lib/codemirror.js&scripts[]=codemirror/mode/mysql/mysql.js HTTP/1.1" 200 819720 "https://stonehill-hackaton-cryogenicplanet.c9users.io:8081/phpmyadmin/querywindow.php?token=94fba385e955da3710b96e226e59b90e&server=1&db=c9&table=Settings&sql_query=SELECT%20*%20FROM%20%60Settings%60&init=1" "Mozilla/5.0 (Windows NT 10.0; Win64; x64) AppleWebKit/537.36 (KHTML, like Gecko) Chrome/63.0.3239.132 Safari/537.36"
10.240.1.20 - - [26/Feb/2018:07:36:32 +0000] "GET /phpmyadmin/js/messages.php?lang=en&db=c9&token=94fba385e955da3710b96e226e59b90e HTTP/1.1" 200 17209 "https://stonehill-hackaton-cryogenicplanet.c9users.io:8081/phpmyadmin/querywindow.php?token=94fba385e955da3710b96e226e59b90e&server=1&db=c9&table=Settings&sql_query=SELECT%20*%20FROM%20%60Settings%60&init=1" "Mozilla/5.0 (Windows NT 10.0; Win64; x64) AppleWebKit/537.36 (KHTML, like Gecko) Chrome/63.0.3239.132 Safari/537.36"
10.240.1.191 - - [26/Feb/2018:07:37:05 +0000] "GET /phpmyadmin/tbl_structure.php?db=c9&table=Settings&token=94fba385e955da3710b96e226e59b90e&ajax_request=true&ajax_page_request=true&menuHashes=82162c0f-5508ef5f-117e1200-719bf67c-ab01af3f-40838f3f-3fd868af&_nocache=1519630623965228761 HTTP/1.1" 200 36942 "https://stonehill-hackaton-cryogenicplanet.c9users.io:8081/phpmyadmin/" "Mozilla/5.0 (Windows NT 10.0; Win64; x64) AppleWebKit/537.36 (KHTML, like Gecko) Chrome/63.0.3239.132 Safari/537.36"
10.240.1.20 - - [26/Feb/2018:07:37:06 +0000] "GET /phpmyadmin/index.php?ajax_request=1&recent_table=1&token=94fba385e955da3710b96e226e59b90e HTTP/1.1" 200 782 "https://stonehill-hackaton-cryogenicplanet.c9users.io:8081/phpmyadmin/" "Mozilla/5.0 (Windows NT 10.0; Win64; x64) AppleWebKit/537.36 (KHTML, like Gecko) Chrome/63.0.3239.132 Safari/537.36"
10.240.1.20 - - [26/Feb/2018:07:37:14 +0000] "POST /phpmyadmin/tbl_addfield.php HTTP/1.1" 200 41129 "https://stonehill-hackaton-cryogenicplanet.c9users.io:8081/phpmyadmin/" "Mozilla/5.0 (Windows NT 10.0; Win64; x64) AppleWebKit/537.36 (KHTML, like Gecko) Chrome/63.0.3239.132 Safari/537.36"
10.240.0.64 - - [26/Feb/2018:07:37:15 +0000] "GET /phpmyadmin/index.php?ajax_request=1&recent_table=1&token=94fba385e955da3710b96e226e59b90e HTTP/1.1" 200 782 "https://stonehill-hackaton-cryogenicplanet.c9users.io:8081/phpmyadmin/" "Mozilla/5.0 (Windows NT 10.0; Win64; x64) AppleWebKit/537.36 (KHTML, like Gecko) Chrome/63.0.3239.132 Safari/537.36"
10.240.1.191 - - [26/Feb/2018:07:37:22 +0000] "POST /phpmyadmin/tbl_addfield.php HTTP/1.1" 200 3491 "https://stonehill-hackaton-cryogenicplanet.c9users.io:8081/phpmyadmin/" "Mozilla/5.0 (Windows NT 10.0; Win64; x64) AppleWebKit/537.36 (KHTML, like Gecko) Chrome/63.0.3239.132 Safari/537.36"
10.240.1.191 - - [26/Feb/2018:07:37:23 +0000] "POST /phpmyadmin/ HTTP/1.1" 200 514 "https://stonehill-hackaton-cryogenicplanet.c9users.io:8081/phpmyadmin/" "Mozilla/5.0 (Windows NT 10.0; Win64; x64) AppleWebKit/537.36 (KHTML, like Gecko) Chrome/63.0.3239.132 Safari/537.36"
10.240.1.191 - - [26/Feb/2018:07:37:23 +0000] "POST /phpmyadmin/navigation.php?ajax_request=1&token=94fba385e955da3710b96e226e59b90e HTTP/1.1" 200 7054 "https://stonehill-hackaton-cryogenicplanet.c9users.io:8081/phpmyadmin/" "Mozilla/5.0 (Windows NT 10.0; Win64; x64) AppleWebKit/537.36 (KHTML, like Gecko) Chrome/63.0.3239.132 Safari/537.36"
10.240.0.64 - - [26/Feb/2018:07:37:25 +0000] "GET /phpmyadmin/sql.php?db=c9&table=Settings&token=94fba385e955da3710b96e226e59b90e&pos=0&ajax_request=true&ajax_page_request=true&menuHashes=5508ef5f-117e1200-719bf67c-ab01af3f-40838f3f-3fd868af-481158ec&_nocache=151963064579463981 HTTP/1.1" 200 51165 "https://stonehill-hackaton-cryogenicplanet.c9users.io:8081/phpmyadmin/" "Mozilla/5.0 (Windows NT 10.0; Win64; x64) AppleWebKit/537.36 (KHTML, like Gecko) Chrome/63.0.3239.132 Safari/537.36"
10.240.1.191 - - [26/Feb/2018:07:37:25 +0000] "GET /phpmyadmin/index.php?ajax_request=1&recent_table=1&token=94fba385e955da3710b96e226e59b90e HTTP/1.1" 200 782 "https://stonehill-hackaton-cryogenicplanet.c9users.io:8081/phpmyadmin/" "Mozilla/5.0 (Windows NT 10.0; Win64; x64) AppleWebKit/537.36 (KHTML, like Gecko) Chrome/63.0.3239.132 Safari/537.36"
10.240.1.191 - - [26/Feb/2018:07:37:38 +0000] "POST /phpmyadmin/tbl_replace.php HTTP/1.1" 200 3595 "https://stonehill-hackaton-cryogenicplanet.c9users.io:8081/phpmyadmin/" "Mozilla/5.0 (Windows NT 10.0; Win64; x64) AppleWebKit/537.36 (KHTML, like Gecko) Chrome/63.0.3239.132 Safari/537.36"
10.240.1.191 - - [26/Feb/2018:07:37:47 +0000] "GET /phpmyadmin/tbl_change.php?db=c9&table=Settings&token=94fba385e955da3710b96e226e59b90e&ajax_request=true&ajax_page_request=true&menuHashes=117e1200-719bf67c-ab01af3f-40838f3f-3fd868af-481158ec-82162c0f&_nocache=1519630668179814102 HTTP/1.1" 200 59181 "https://stonehill-hackaton-cryogenicplanet.c9users.io:8081/phpmyadmin/" "Mozilla/5.0 (Windows NT 10.0; Win64; x64) AppleWebKit/537.36 (KHTML, like Gecko) Chrome/63.0.3239.132 Safari/537.36"
10.240.1.191 - - [26/Feb/2018:07:37:48 +0000] "GET /phpmyadmin/index.php?ajax_request=1&recent_table=1&token=94fba385e955da3710b96e226e59b90e HTTP/1.1" 200 782 "https://stonehill-hackaton-cryogenicplanet.c9users.io:8081/phpmyadmin/" "Mozilla/5.0 (Windows NT 10.0; Win64; x64) AppleWebKit/537.36 (KHTML, like Gecko) Chrome/63.0.3239.132 Safari/537.36"
10.240.1.191 - - [26/Feb/2018:07:37:55 +0000] "GET /phpmyadmin/sql.php?db=c9&table=Settings&token=94fba385e955da3710b96e226e59b90e&pos=0&ajax_request=true&ajax_page_request=true&menuHashes=719bf67c-ab01af3f-40838f3f-3fd868af-481158ec-82162c0f-5508ef5f&_nocache=1519630676032557613 HTTP/1.1" 200 47930 "https://stonehill-hackaton-cryogenicplanet.c9users.io:8081/phpmyadmin/" "Mozilla/5.0 (Windows NT 10.0; Win64; x64) AppleWebKit/537.36 (KHTML, like Gecko) Chrome/63.0.3239.132 Safari/537.36"
10.240.0.64 - - [26/Feb/2018:07:37:56 +0000] "GET /phpmyadmin/index.php?ajax_request=1&recent_table=1&token=94fba385e955da3710b96e226e59b90e HTTP/1.1" 200 782 "https://stonehill-hackaton-cryogenicplanet.c9users.io:8081/phpmyadmin/" "Mozilla/5.0 (Windows NT 10.0; Win64; x64) AppleWebKit/537.36 (KHTML, like Gecko) Chrome/63.0.3239.132 Safari/537.36"
10.240.1.20 - - [26/Feb/2018:07:37:59 +0000] "GET /phpmyadmin/tbl_change.php?db=c9&table=Settings&token=94fba385e955da3710b96e226e59b90e&ajax_request=true&ajax_page_request=true&menuHashes=719bf67c-ab01af3f-40838f3f-3fd868af-481158ec-82162c0f-5508ef5f&_nocache=1519630679517946978 HTTP/1.1" 200 55946 "https://stonehill-hackaton-cryogenicplanet.c9users.io:8081/phpmyadmin/" "Mozilla/5.0 (Windows NT 10.0; Win64; x64) AppleWebKit/537.36 (KHTML, like Gecko) Chrome/63.0.3239.132 Safari/537.36"
10.240.1.191 - - [26/Feb/2018:07:38:00 +0000] "GET /phpmyadmin/index.php?ajax_request=1&recent_table=1&token=94fba385e955da3710b96e226e59b90e HTTP/1.1" 200 782 "https://stonehill-hackaton-cryogenicplanet.c9users.io:8081/phpmyadmin/" "Mozilla/5.0 (Windows NT 10.0; Win64; x64) AppleWebKit/537.36 (KHTML, like Gecko) Chrome/63.0.3239.132 Safari/537.36"
10.240.1.30 - - [26/Feb/2018:07:38:40 +0000] "POST /phpmyadmin/tbl_replace.php HTTP/1.1" 200 12939 "https://stonehill-hackaton-cryogenicplanet.c9users.io:8081/phpmyadmin/" "Mozilla/5.0 (Windows NT 10.0; Win64; x64) AppleWebKit/537.36 (KHTML, like Gecko) Chrome/63.0.3239.132 Safari/537.36"
10.240.1.50 - - [26/Feb/2018:07:38:41 +0000] "GET /phpmyadmin/index.php?ajax_request=1&recent_table=1&token=94fba385e955da3710b96e226e59b90e HTTP/1.1" 200 782 "https://stonehill-hackaton-cryogenicplanet.c9users.io:8081/phpmyadmin/" "Mozilla/5.0 (Windows NT 10.0; Win64; x64) AppleWebKit/537.36 (KHTML, like Gecko) Chrome/63.0.3239.132 Safari/537.36"
10.240.1.30 - - [26/Feb/2018:07:38:42 +0000] "GET /phpmyadmin/sql.php?db=c9&table=Settings&token=94fba385e955da3710b96e226e59b90e&pos=0&ajax_request=true&ajax_page_request=true&menuHashes=719bf67c-ab01af3f-40838f3f-3fd868af-481158ec-82162c0f-5508ef5f&_nocache=1519630723350234898 HTTP/1.1" 200 53211 "https://stonehill-hackaton-cryogenicplanet.c9users.io:8081/phpmyadmin/" "Mozilla/5.0 (Windows NT 10.0; Win64; x64) AppleWebKit/537.36 (KHTML, like Gecko) Chrome/63.0.3239.132 Safari/537.36"
10.240.1.30 - - [26/Feb/2018:07:38:43 +0000] "GET /phpmyadmin/index.php?ajax_request=1&recent_table=1&token=94fba385e955da3710b96e226e59b90e HTTP/1.1" 200 782 "https://stonehill-hackaton-cryogenicplanet.c9users.io:8081/phpmyadmin/" "Mozilla/5.0 (Windows NT 10.0; Win64; x64) AppleWebKit/537.36 (KHTML, like Gecko) Chrome/63.0.3239.132 Safari/537.36"
10.240.1.20 - - [26/Feb/2018:07:38:51 +0000] "GET /phpmyadmin/tbl_change.php?db=c9&table=Settings&token=94fba385e955da3710b96e226e59b90e&ajax_request=true&ajax_page_request=true&menuHashes=719bf67c-ab01af3f-40838f3f-3fd868af-481158ec-82162c0f-5508ef5f&_nocache=1519630732083323179 HTTP/1.1" 200 55946 "https://stonehill-hackaton-cryogenicplanet.c9users.io:8081/phpmyadmin/" "Mozilla/5.0 (Windows NT 10.0; Win64; x64) AppleWebKit/537.36 (KHTML, like Gecko) Chrome/63.0.3239.132 Safari/537.36"
10.240.0.64 - - [26/Feb/2018:07:38:53 +0000] "GET /phpmyadmin/index.php?ajax_request=1&recent_table=1&token=94fba385e955da3710b96e226e59b90e HTTP/1.1" 200 782 "https://stonehill-hackaton-cryogenicplanet.c9users.io:8081/phpmyadmin/" "Mozilla/5.0 (Windows NT 10.0; Win64; x64) AppleWebKit/537.36 (KHTML, like Gecko) Chrome/63.0.3239.132 Safari/537.36"
10.240.1.65 - - [26/Feb/2018:07:39:25 +0000] "POST /phpmyadmin/tbl_replace.php HTTP/1.1" 200 12939 "https://stonehill-hackaton-cryogenicplanet.c9users.io:8081/phpmyadmin/" "Mozilla/5.0 (Windows NT 10.0; Win64; x64) AppleWebKit/537.36 (KHTML, like Gecko) Chrome/63.0.3239.132 Safari/537.36"
10.240.0.64 - - [26/Feb/2018:07:39:26 +0000] "GET /phpmyadmin/index.php?ajax_request=1&recent_table=1&token=94fba385e955da3710b96e226e59b90e HTTP/1.1" 200 782 "https://stonehill-hackaton-cryogenicplanet.c9users.io:8081/phpmyadmin/" "Mozilla/5.0 (Windows NT 10.0; Win64; x64) AppleWebKit/537.36 (KHTML, like Gecko) Chrome/63.0.3239.132 Safari/537.36"
10.240.1.30 - - [26/Feb/2018:07:39:28 +0000] "GET /phpmyadmin/sql.php?db=c9&table=Settings&token=94fba385e955da3710b96e226e59b90e&pos=0&ajax_request=true&ajax_page_request=true&menuHashes=719bf67c-ab01af3f-40838f3f-3fd868af-481158ec-82162c0f-5508ef5f&_nocache=1519630768693278410 HTTP/1.1" 200 58492 "https://stonehill-hackaton-cryogenicplanet.c9users.io:8081/phpmyadmin/" "Mozilla/5.0 (Windows NT 10.0; Win64; x64) AppleWebKit/537.36 (KHTML, like Gecko) Chrome/63.0.3239.132 Safari/537.36"
10.240.0.25 - - [26/Feb/2018:07:39:29 +0000] "GET /phpmyadmin/index.php?ajax_request=1&recent_table=1&token=94fba385e955da3710b96e226e59b90e HTTP/1.1" 200 782 "https://stonehill-hackaton-cryogenicplanet.c9users.io:8081/phpmyadmin/" "Mozilla/5.0 (Windows NT 10.0; Win64; x64) AppleWebKit/537.36 (KHTML, like Gecko) Chrome/63.0.3239.132 Safari/537.36"
